Archive member included to satisfy reference by file (symbol)

/home/denny/NYU/emb/gcc-arm-none-eabi-5_4-2016q3/bin/../lib/gcc/arm-none-eabi/5.4.1/../../../../arm-none-eabi/lib/armv7e-m/fpu/libc.a(lib_a-exit.o)
                              /home/denny/NYU/emb/gcc-arm-none-eabi-5_4-2016q3/bin/../lib/gcc/arm-none-eabi/5.4.1/../../../../arm-none-eabi/lib/armv7e-m/fpu/crt0.o (exit)
/home/denny/NYU/emb/gcc-arm-none-eabi-5_4-2016q3/bin/../lib/gcc/arm-none-eabi/5.4.1/../../../../arm-none-eabi/lib/armv7e-m/fpu/libc.a(lib_a-impure.o)
                              /home/denny/NYU/emb/gcc-arm-none-eabi-5_4-2016q3/bin/../lib/gcc/arm-none-eabi/5.4.1/../../../../arm-none-eabi/lib/armv7e-m/fpu/libc.a(lib_a-exit.o) (_global_impure_ptr)
/home/denny/NYU/emb/gcc-arm-none-eabi-5_4-2016q3/bin/../lib/gcc/arm-none-eabi/5.4.1/../../../../arm-none-eabi/lib/armv7e-m/fpu/libc.a(lib_a-init.o)
                              /home/denny/NYU/emb/gcc-arm-none-eabi-5_4-2016q3/bin/../lib/gcc/arm-none-eabi/5.4.1/../../../../arm-none-eabi/lib/armv7e-m/fpu/crt0.o (__libc_init_array)
/home/denny/NYU/emb/gcc-arm-none-eabi-5_4-2016q3/bin/../lib/gcc/arm-none-eabi/5.4.1/../../../../arm-none-eabi/lib/armv7e-m/fpu/libc.a(lib_a-memset.o)
                              /home/denny/NYU/emb/gcc-arm-none-eabi-5_4-2016q3/bin/../lib/gcc/arm-none-eabi/5.4.1/../../../../arm-none-eabi/lib/armv7e-m/fpu/crt0.o (memset)
/home/denny/NYU/emb/gcc-arm-none-eabi-5_4-2016q3/bin/../lib/gcc/arm-none-eabi/5.4.1/../../../../arm-none-eabi/lib/armv7e-m/fpu/libc.a(lib_a-__call_atexit.o)
                              /home/denny/NYU/emb/gcc-arm-none-eabi-5_4-2016q3/bin/../lib/gcc/arm-none-eabi/5.4.1/../../../../arm-none-eabi/lib/armv7e-m/fpu/libc.a(lib_a-exit.o) (__call_exitprocs)
/home/denny/NYU/emb/gcc-arm-none-eabi-5_4-2016q3/bin/../lib/gcc/arm-none-eabi/5.4.1/../../../../arm-none-eabi/lib/armv7e-m/fpu/libc.a(lib_a-atexit.o)
                              /home/denny/NYU/emb/gcc-arm-none-eabi-5_4-2016q3/bin/../lib/gcc/arm-none-eabi/5.4.1/../../../../arm-none-eabi/lib/armv7e-m/fpu/libc.a(lib_a-__call_atexit.o) (atexit)
/home/denny/NYU/emb/gcc-arm-none-eabi-5_4-2016q3/bin/../lib/gcc/arm-none-eabi/5.4.1/../../../../arm-none-eabi/lib/armv7e-m/fpu/libc.a(lib_a-fini.o)
                              /home/denny/NYU/emb/gcc-arm-none-eabi-5_4-2016q3/bin/../lib/gcc/arm-none-eabi/5.4.1/../../../../arm-none-eabi/lib/armv7e-m/fpu/libc.a(lib_a-__call_atexit.o) (__libc_fini_array)
/home/denny/NYU/emb/gcc-arm-none-eabi-5_4-2016q3/bin/../lib/gcc/arm-none-eabi/5.4.1/../../../../arm-none-eabi/lib/armv7e-m/fpu/libc.a(lib_a-__atexit.o)
                              /home/denny/NYU/emb/gcc-arm-none-eabi-5_4-2016q3/bin/../lib/gcc/arm-none-eabi/5.4.1/../../../../arm-none-eabi/lib/armv7e-m/fpu/libc.a(lib_a-atexit.o) (__register_exitproc)
/home/denny/NYU/emb/gcc-arm-none-eabi-5_4-2016q3/bin/../lib/gcc/arm-none-eabi/5.4.1/../../../../arm-none-eabi/lib/armv7e-m/fpu/libc.a(lib_a-printf.o)
                              Autonomous_Parallel_Parking.o (printf)
/home/denny/NYU/emb/gcc-arm-none-eabi-5_4-2016q3/bin/../lib/gcc/arm-none-eabi/5.4.1/../../../../arm-none-eabi/lib/armv7e-m/fpu/libc.a(lib_a-reent.o)
                              user_source/hal_interface/newlib_stubs.o (errno)
/home/denny/NYU/emb/gcc-arm-none-eabi-5_4-2016q3/bin/../lib/gcc/arm-none-eabi/5.4.1/../../../../arm-none-eabi/lib/armv7e-m/fpu/libc.a(lib_a-setvbuf.o)
                              user_source/uart.o (setvbuf)
/home/denny/NYU/emb/gcc-arm-none-eabi-5_4-2016q3/bin/../lib/gcc/arm-none-eabi/5.4.1/../../../../arm-none-eabi/lib/armv7e-m/fpu/libc.a(lib_a-vfprintf.o)
                              /home/denny/NYU/emb/gcc-arm-none-eabi-5_4-2016q3/bin/../lib/gcc/arm-none-eabi/5.4.1/../../../../arm-none-eabi/lib/armv7e-m/fpu/libc.a(lib_a-printf.o) (_vfprintf_r)
/home/denny/NYU/emb/gcc-arm-none-eabi-5_4-2016q3/bin/../lib/gcc/arm-none-eabi/5.4.1/../../../../arm-none-eabi/lib/armv7e-m/fpu/libc.a(lib_a-wsetup.o)
                              /home/denny/NYU/emb/gcc-arm-none-eabi-5_4-2016q3/bin/../lib/gcc/arm-none-eabi/5.4.1/../../../../arm-none-eabi/lib/armv7e-m/fpu/libc.a(lib_a-vfprintf.o) (__swsetup_r)
/home/denny/NYU/emb/gcc-arm-none-eabi-5_4-2016q3/bin/../lib/gcc/arm-none-eabi/5.4.1/../../../../arm-none-eabi/lib/armv7e-m/fpu/libc.a(lib_a-dtoa.o)
                              /home/denny/NYU/emb/gcc-arm-none-eabi-5_4-2016q3/bin/../lib/gcc/arm-none-eabi/5.4.1/../../../../arm-none-eabi/lib/armv7e-m/fpu/libc.a(lib_a-vfprintf.o) (_dtoa_r)
/home/denny/NYU/emb/gcc-arm-none-eabi-5_4-2016q3/bin/../lib/gcc/arm-none-eabi/5.4.1/../../../../arm-none-eabi/lib/armv7e-m/fpu/libc.a(lib_a-fflush.o)
                              /home/denny/NYU/emb/gcc-arm-none-eabi-5_4-2016q3/bin/../lib/gcc/arm-none-eabi/5.4.1/../../../../arm-none-eabi/lib/armv7e-m/fpu/libc.a(lib_a-setvbuf.o) (_fflush_r)
/home/denny/NYU/emb/gcc-arm-none-eabi-5_4-2016q3/bin/../lib/gcc/arm-none-eabi/5.4.1/../../../../arm-none-eabi/lib/armv7e-m/fpu/libc.a(lib_a-findfp.o)
[...]
Memory Configuration

Name             Origin             Length             Attributes
FLASH            0x08000000         0x00040000         xr
RAM              0x20000000         0x0000a000         xrw
CCMRAM           0x10000000         0x00002000         rw
*default*        0x00000000         0xffffffff

Linker script and memory map

LOAD /home/denny/NYU/emb/gcc-arm-none-eabi-5_4-2016q3/bin/../lib/gcc/arm-none-eabi/5.4.1/armv7e-m/fpu/crti.o
LOAD /home/denny/NYU/emb/gcc-arm-none-eabi-5_4-2016q3/bin/../lib/gcc/arm-none-eabi/5.4.1/armv7e-m/fpu/crtbegin.o
LOAD /home/denny/NYU/emb/gcc-arm-none-eabi-5_4-2016q3/bin/../lib/gcc/arm-none-eabi/5.4.1/../../../../arm-none-eabi/lib/armv7e-m/fpu/crt0.o
                0x2000a000                _estack = 0x2000a000
                0x00000200                _Min_Heap_Size = 0x200
                0x00000400                _Min_Stack_Size = 0x400

.isr_vector     0x08000000      0x188
                0x08000000                . = ALIGN (0x4)
 *(.isr_vector)
 .isr_vector    0x08000000      0x188 ../arch/stm32/f3/src/CMSIS/startup_stm32f303xc.o
                0x08000000                g_pfnVectors
                0x08000188                . = ALIGN (0x4)

.text           0x080001c0     0xc7a8
                0x080001c0                . = ALIGN (0x4)
 *(.text)
 .text          0x080001c0       0x5c /home/denny/NYU/emb/gcc-arm-none-eabi-5_4-2016q3/bin/../lib/gcc/arm-none-eabi/5.4.1/armv7e-m/fpu/crtbegin.o
 .text          0x0800021c      0x158 ../arch/stm32/f3/src/stm32f3xx_hal.o
                0x08000224                HAL_DeInit
                0x08000274                HAL_Init
                0x08000298                HAL_IncTick
                0x080002a8                HAL_GetTick
                0x080002b4                HAL_Delay
                0x080002f0                HAL_GetHalVersion
                0x080002f8                HAL_GetREVID
                0x08000304                HAL_GetDEVID
                0x08000314                HAL_DBGMCU_EnableDBGSleepMode
                0x08000324                HAL_DBGMCU_DisableDBGSleepMode
                0x08000334                HAL_DBGMCU_EnableDBGStopMode
                0x08000344                HAL_DBGMCU_DisableDBGStopMode
                0x08000354                HAL_DBGMCU_EnableDBGStandbyMode
                0x08000364                HAL_DBGMCU_DisableDBGStandbyMode
 .text          0x08000374      0xc84 ../arch/stm32/f3/src/stm32f3xx_hal_tim_ex.o
                0x08000454                HAL_TIMEx_HallSensor_MspInit
                0x08000458                HAL_TIMEx_HallSensor_Init
                0x08000510                HAL_TIMEx_HallSensor_MspDeInit
                0x08000514                HAL_TIMEx_HallSensor_DeInit
                0x08000550                HAL_TIMEx_HallSensor_Start
                0x0800056c                HAL_TIMEx_HallSensor_Stop
                0x0800059c                HAL_TIMEx_HallSensor_Start_IT
                0x080005c0                HAL_TIMEx_HallSensor_Stop_IT
                0x080005f8                HAL_TIMEx_HallSensor_Start_DMA
                0x08000664                HAL_TIMEx_HallSensor_Stop_DMA
                0x0800069c                HAL_TIMEx_PWMN_Start
                0x080006c8                HAL_TIMEx_OCN_Start
                0x080006cc                HAL_TIMEx_PWMN_Start_IT
                0x08000744                HAL_TIMEx_OCN_Start_IT
                0x08000748                HAL_TIMEx_PWMN_Stop_IT
                0x080007f0                HAL_TIMEx_OCN_Stop_IT
                0x080007f4                HAL_TIMEx_PWMN_Start_DMA
                0x080008f4                HAL_TIMEx_OCN_Start_DMA
                0x080008f8                HAL_TIMEx_PWMN_Stop_DMA
                0x0800099c                HAL_TIMEx_OCN_Stop_DMA
                0x080009a0                HAL_TIMEx_OnePulseN_Start
                0x080009c4                HAL_TIMEx_OnePulseN_Stop
                0x08000a18                HAL_TIMEx_PWMN_Stop
                0x08000a1c                HAL_TIMEx_OCN_Stop
                0x08000a20                HAL_TIMEx_OnePulseN_Start_IT
                0x08000a54                HAL_TIMEx_OnePulseN_Stop_IT
                0x08000ab8                HAL_TIMEx_ConfigCommutationEvent
                0x08000b08                HAL_TIMEx_ConfigCommutationEvent_IT
                0x08000b60                HAL_TIMEx_ConfigCommutationEvent_DMA
                0x08000bc8                HAL_TIM_OC_ConfigChannel
                0x08000c40                HAL_TIM_PWM_ConfigChannel
                0x08000d68                HAL_TIMEx_MasterConfigSynchronization
                0x08000dbc                HAL_TIMEx_ConfigBreakDeadTime
                0x08000e48                HAL_TIMEx_RemapConfig
                0x08000e74                HAL_TIMEx_GroupChannel5
                0x08000eac                HAL_TIM_ConfigOCrefClear
                0x08000fd8                HAL_TIMEx_CommutationCallback
                0x08000fdc                TIMEx_DMACommutationCplt
                0x08000fec                HAL_TIMEx_BreakCallback
                0x08000ff0                HAL_TIMEx_HallSensor_GetState
 .text          0x08000ff8      0x490 ../arch/stm32/f3/src/stm32f3xx_hal_dma.o
                0x08000ff8                HAL_DMA_Init
                0x08001088                HAL_DMA_DeInit
                0x080010fc                HAL_DMA_Start
                0x08001160                HAL_DMA_Start_IT
                0x080011e4                HAL_DMA_Abort
                0x08001218                HAL_DMA_Abort_IT
                0x08001260                HAL_DMA_PollForTransfer
                0x08001334                HAL_DMA_IRQHandler
                0x080013cc                HAL_DMA_RegisterCallback
                0x08001420                HAL_DMA_UnRegisterCallback
                0x0800147c                HAL_DMA_GetState
                0x08001484                HAL_DMA_GetError
 .text          0x08001488      0x2b0 ../arch/stm32/f3/src/stm32f3xx_hal_cortex.o
                0x08001488                HAL_NVIC_SetPriorityGrouping
                0x080014ac                HAL_NVIC_SetPriority
                0x0800151c                HAL_NVIC_EnableIRQ
                0x08001534                HAL_NVIC_DisableIRQ
                0x08001550                HAL_NVIC_SystemReset
                0x08001574                HAL_SYSTICK_Config
                0x080015a8                HAL_MPU_Disable
                0x080015c4                HAL_MPU_Enable
                0x080015e0                HAL_MPU_ConfigRegion
                0x08001634                HAL_NVIC_GetPriorityGrouping
                0x08001644                HAL_NVIC_GetPriority
                0x080016a4                HAL_NVIC_SetPendingIRQ
                0x080016c0                HAL_NVIC_GetPendingIRQ
                0x080016dc                HAL_NVIC_ClearPendingIRQ
                0x080016f8                HAL_NVIC_GetActive
                0x08001714                HAL_SYSTICK_CLKSourceConfig
                0x0800172c                HAL_SYSTICK_Callback
                0x08001730                HAL_SYSTICK_IRQHandler
 .text          0x08001738      0x1b0 ../arch/stm32/f3/src/stm32f3xx_hal_uart_ex.o
                0x08001738                HAL_RS485Ex_Init
                0x080017c8                HAL_UARTEx_WakeupCallback
                0x080017cc                HAL_UARTEx_StopModeWakeUpSourceConfig
                0x0800184c                HAL_UARTEx_EnableStopMode
                0x08001880                HAL_UARTEx_DisableStopMode
                0x080018b4                HAL_MultiProcessorEx_AddressLength_Set
 .text          0x080018e8     0x2160 ../arch/stm32/f3/src/stm32f3xx_hal_tim.o
                0x0800199c                HAL_TIM_Base_MspInit
                0x080019a0                HAL_TIM_Base_MspDeInit
                0x080019a4                HAL_TIM_Base_DeInit
                0x080019e0                HAL_TIM_Base_Start
                0x08001a00                HAL_TIM_Base_Stop
                0x08001a30                HAL_TIM_Base_Start_IT
                0x08001a48                HAL_TIM_Base_Stop_IT
                0x08001a74                HAL_TIM_Base_Start_DMA
                0x08001ad0                HAL_TIM_Base_Stop_DMA
                0x08001b00                HAL_TIM_OC_MspInit
                0x08001b04                HAL_TIM_OC_MspDeInit
                0x08001b08                HAL_TIM_OC_DeInit
                0x08001b44                HAL_TIM_OC_Stop
                0x08001bd0                HAL_TIM_PWM_MspDeInit
                0x08001bd4                HAL_TIM_PWM_DeInit
                0x08001c10                HAL_TIM_PWM_Start
                0x08001c70                HAL_TIM_OC_Start
                0x08001c74                HAL_TIM_PWM_Stop
                0x08001d00                HAL_TIM_PWM_Start_IT
                0x08001da8                HAL_TIM_OC_Start_IT
                0x08001dac                HAL_TIM_PWM_Stop_IT
                0x08001e7c                HAL_TIM_OC_Stop_IT
                0x08001e80                HAL_TIM_PWM_Start_DMA
                0x08001fb0                HAL_TIM_OC_Start_DMA
                0x08001fb4                HAL_TIM_PWM_Stop_DMA
                0x08002088                HAL_TIM_OC_Stop_DMA
                0x0800208c                HAL_TIM_IC_MspInit
                0x08002090                HAL_TIM_IC_MspDeInit
                0x08002094                HAL_TIM_IC_DeInit
                0x080020d0                HAL_TIM_IC_Start
                0x080020f4                HAL_TIM_IC_Stop
                0x08002128                HAL_TIM_IC_Start_IT
                0x08002190                HAL_TIM_IC_Stop_IT
                0x0800220c                HAL_TIM_IC_Start_DMA
                0x080022f0                HAL_TIM_IC_Stop_DMA
                0x08002378                HAL_TIM_OnePulse_MspInit
                0x0800237c                HAL_TIM_OnePulse_MspDeInit
                0x08002380                HAL_TIM_OnePulse_DeInit
                0x080023bc                HAL_TIM_OnePulse_Start
                0x0800241c                HAL_TIM_OnePulse_Stop
                0x080024a4                HAL_TIM_OnePulse_Start_IT
                0x08002514                HAL_TIM_OnePulse_Stop_IT
                0x080025ac                HAL_TIM_Encoder_MspInit
                0x080025b0                HAL_TIM_Encoder_MspDeInit
                0x080025b4                HAL_TIM_Encoder_DeInit
                0x080025f0                HAL_TIM_Encoder_Start
                0x0800263c                HAL_TIM_Encoder_Stop
                0x08002690                HAL_TIM_Encoder_Start_IT
                0x08002710                HAL_TIM_Encoder_Stop_IT
                0x08002790                HAL_TIM_Encoder_Start_DMA
                0x080028d8                HAL_TIM_Encoder_Stop_DMA
                0x08002958                HAL_TIM_DMABurst_WriteStart
                0x08002a3c                HAL_TIM_DMABurst_ReadStart
                0x08002b20                HAL_TIM_DMABurst_ReadStop
                0x08002b98                HAL_TIM_DMABurst_WriteStop
                0x08002b9c                HAL_TIM_GenerateEvent
                0x08002c94                HAL_TIM_ConfigClockSource
                0x08002e24                HAL_TIM_ConfigTI1Input
                0x08002e34                HAL_TIM_SlaveConfigSynchronization
                0x08002e74                HAL_TIM_SlaveConfigSynchronization_IT
                0x08002eb4                HAL_TIM_ReadCapturedValue
                0x08002f28                HAL_TIM_OC_DelayElapsedCallback
                0x08002f2c                HAL_TIM_IC_CaptureCallback
                0x08002f30                TIM_DMACaptureCplt
                0x08002f7c                HAL_TIM_PWM_PulseFinishedCallback
                0x08002f80                TIM_DMADelayPulseCplt
                0x08002fcc                HAL_TIM_TriggerCallback
                0x08002fd0                HAL_TIM_IRQHandler
                0x08003134                HAL_TIM_ErrorCallback
                0x08003138                TIM_DMAError
                0x08003148                HAL_TIM_Base_GetState
                0x08003150                HAL_TIM_OC_GetState
                0x08003158                HAL_TIM_PWM_GetState
                0x08003160                HAL_TIM_IC_GetState
                0x08003168                HAL_TIM_OnePulse_GetState
                0x08003170                HAL_TIM_Encoder_GetState
                0x08003178                TIM_Base_SetConfig
                0x08003250                HAL_TIM_Base_Init
                0x08003288                HAL_TIM_OC_Init
                0x080032c0                HAL_TIM_PWM_Init
                0x080032f8                HAL_TIM_IC_Init
                0x08003330                HAL_TIM_OnePulse_Init
                0x08003378                HAL_TIM_Encoder_Init
                0x08003424                TIM_OC1_SetConfig
                0x080034a4                TIM_OC2_SetConfig
                0x08003528                TIM_OC3_SetConfig
                0x080035a8                TIM_OC4_SetConfig
                0x0800374c                TIM_TI1_SetConfig
                0x080037b4                HAL_TIM_IC_ConfigChannel
                0x080038ec                HAL_TIM_OnePulse_ConfigChannel
                0x08003a10                TIM_ETR_SetConfig
                0x08003a28                TIM_CCxChannelCmd
 .text          0x08003a48     0x12d8 ../arch/stm32/f3/src/stm32f3xx_hal_uart.o
                0x08003a4c                HAL_UART_MspDeInit
                0x08003a50                HAL_UART_DeInit
                0x08003a88                HAL_UART_Transmit_IT
                0x08003ad0                HAL_UART_Receive_IT
                0x08003b50                HAL_UART_Transmit_DMA
                0x08003bcc                HAL_UART_Receive_DMA
                0x08003c50                HAL_UART_DMAPause
                0x08003cb0                HAL_UART_DMAResume
                0x08003d18                HAL_UART_DMAStop
                0x08003d90                HAL_UART_Abort
                0x08003dfc                HAL_UART_AbortTransmit
                0x08003e34                HAL_UART_AbortReceive
                0x08003e78                HAL_UART_TxCpltCallback
                0x08003ea8                HAL_UART_TxHalfCpltCallback
                0x08003eb8                HAL_UART_RxCpltCallback
                0x08003ef4                HAL_UART_RxHalfCpltCallback
                0x08003f04                HAL_UART_ErrorCallback
                0x08003f88                HAL_UART_AbortCpltCallback
                0x08003f8c                HAL_UART_Abort_IT
                0x080040b4                HAL_UART_AbortTransmitCpltCallback
                0x080040b8                HAL_UART_AbortTransmit_IT
                0x08004134                HAL_UART_AbortReceiveCpltCallback
                0x08004138                HAL_UART_AbortReceive_IT
                0x080041cc                HAL_MultiProcessor_EnterMuteMode
                0x080041d8                HAL_HalfDuplex_EnableTransmitter
                0x08004214                HAL_HalfDuplex_EnableReceiver
                0x08004250                HAL_LIN_SendBreak
                0x08004284                HAL_UART_GetState
                0x08004290                HAL_UART_GetError
                0x08004294                UART_SetConfig
                0x08004504                UART_AdvFeatureConfig
                0x080045b4                UART_WaitOnFlagUntilTimeout
                0x0800461c                HAL_UART_Transmit
                0x080046d4                HAL_UART_Receive
                0x080047bc                UART_CheckIdleState
                0x0800482c                HAL_UART_Init
                0x08004898                HAL_HalfDuplex_Init
                0x08004910                HAL_LIN_Init
                0x080049a0                HAL_MultiProcessor_Init
                0x08004a30                HAL_MultiProcessor_EnableMuteMode
                0x08004a60                HAL_MultiProcessor_DisableMuteMode
                0x08004a90                UART_Transmit_IT
                0x08004af8                UART_EndTransmit_IT
                0x08004b14                UART_Receive_IT
                0x08004b8c                HAL_UART_IRQHandler
                0x08004cec                UART_Wakeup_AddressConfig
 .text          0x08004d20       0x84 ../arch/stm32/f3/src/stm32f3xx_hal_timebase_tim.o
                0x08004d20                HAL_InitTick
                0x08004d70                HAL_SuspendTick
                0x08004d84                HAL_ResumeTick
                0x08004d98                TIM6_DAC_IRQHandler
 .text          0x08004da4       0x10 ../arch/stm32/f3/src/stm32f3xx_hal_msp.o
                0x08004da4                HAL_MspInit
                0x08004da8                HAL_MspDeInit
                0x08004dac                HAL_PPP_MspInit
                0x08004db0                HAL_PPP_MspDeInit
 .text          0x08004db4      0x9e8 ../arch/stm32/f3/src/stm32f3xx_hal_rcc.o
                0x08004db4                HAL_RCC_DeInit
                0x08004e04                HAL_RCC_OscConfig
                0x080053b0                HAL_RCC_MCOConfig
                0x080053fc                HAL_RCC_EnableCSS
                0x08005418                HAL_RCC_DisableCSS
                0x08005434                HAL_RCC_GetSysClockFreq
                0x080054a0                HAL_RCC_ClockConfig
                0x0800562c                HAL_RCC_GetHCLKFreq
                0x08005638                HAL_RCC_GetPCLK1Freq
                0x08005668                HAL_RCC_GetPCLK2Freq
                0x08005698                HAL_RCC_GetOscConfig
                0x08005734                HAL_RCC_GetClockConfig
                0x08005778                HAL_RCC_CSSCallback
                0x0800577c                HAL_RCC_NMI_IRQHandler
 .text          0x0800579c      0x36c ../arch/stm32/f3/src/stm32f3xx_hal_gpio.o
                0x0800579c                HAL_GPIO_Init
                0x08005974                HAL_GPIO_DeInit
                0x08005aa0                HAL_GPIO_ReadPin
                0x08005aac                HAL_GPIO_WritePin
                0x08005ab8                HAL_GPIO_TogglePin
                0x08005ac0                HAL_GPIO_LockPin
                0x08005aec                HAL_GPIO_EXTI_Callback
                0x08005af0                HAL_GPIO_EXTI_IRQHandler
 .text          0x08005b08       0xd0 ../arch/stm32/f3/src/CMSIS/system_stm32f3xx.o
                0x08005b08                SystemInit
                0x08005b78                SystemCoreClockUpdate
 .text          0x08005bd8       0x10 user_source/foo.o
                0x08005bd8                foo
                0x08005bdc                TEST_FOO
 .text          0x08005be8       0xc0 user_source/encoder.o
                0x08005be8                encoders_init
                0x08005c58                encoders_enable
                0x08005c78                encoders_disable
                0x08005c98                encoders_reset
 .text          0x08005ca8      0x3cc user_source/motion.o
                0x08005ca8                move_forward
                0x08005cd4                move_back
                0x08005d00                move_back_left
                0x08005d28                move_back_right
                0x08005d50                turn_f_left
                0x08005d78                turn_f_right
                0x08005da0                brake
                0x08005dc8                move_robot
 .text          0x08006074       0x68 user_source/interrupts.o
                0x08006074                EXTI0_IRQHandler
                0x0800607c                EXTI2_TSC_IRQHandler
                0x080060ac                EXTI4_IRQHandler
 .text          0x080060dc      0x610 user_source/sensor_timer.o
                0x080060dc                pulse_in
                0x08006100                usensor_gpio_init
                0x080061d4                trigger_sensor
                0x080062a0                EXTI_ClearITPendingBit
                0x080062ac                EXTI_GetITStatus
                0x080062c0                EXTI9_5_IRQHandler
                0x0800635c                EXTI15_10_IRQHandler
                0x08006478                SensorInterruptSetup
                0x080064a0                HAL_TIM_PeriodElapsedCallback
                0x080064cc                InitializeTimer
                0x0800661c                init_sensor
                0x08006644                print_all
                0x08006680                usensor_check_distance
 .text          0x080066ec       0x80 user_source/uart.o
                0x080066ec                uart_debug_init
                0x0800671c                uart_init
                0x08006724                uart_get_byte_blocking
                0x08006728                uart_send_byte_blocking
                0x0800672c                uart_get_data_blocking
                0x0800674c                uart_send_data_blocking
 .text          0x0800676c       0x18 user_source/mutex.o
                0x0800676c                acquire_mutex
                0x0800677c                release_mutex
 .text          0x08006784      0x258 user_source/state_machine.o
                0x08006784                calculate_next_dominant_turn
                0x08006794                check_parking_condition
                0x080067bc                update_parking_params
                0x08006888                state_init
                0x08006894                state_next
                0x080068a0                state_execute
 .text          0x080069dc       0xd4 user_source/hal_interface/cube_hal_msp.o
                0x080069dc                HAL_UART_MspInit
                0x08006a58                HAL_TIM_PWM_MspInit
 .text          0x08006ab0      0x24c user_source/hal_interface/pwm_hal.o
                0x08006ab0                init_pwm
                0x08006c08                configure_channel
                0x08006c70                start_channel
                0x08006cb4                stop_channel
 .text          0x08006cfc       0x1c user_source/hal_interface/pin_setup.o
                0x08006cfc                Pin_Set
 .text          0x08006d18      0x190 user_source/hal_interface/newlib_stubs.o
                0x08006d18                _exit
                0x08006d34                _close
                0x08006d3c                _execve
                0x08006d4c                _fork
                0x08006d5c                _fstat
                0x08006d68                _getpid
                0x08006d6c                _isatty
                0x08006d84                _kill
                0x08006d94                _link
                0x08006da4                _lseek
                0x08006da8                _read
                0x08006ddc                _stat
                0x08006de8                _times
                0x08006df0                _unlink
                0x08006e00                _wait
                0x08006e10                _write
                0x08006e60                _sbrk
 .text          0x08006ea8       0x74 user_source/hal_interface/uart_hal.o
                0x08006ea8                uart_hal_init
                0x08006ee8                uart_hal_send_byte_blocking
                0x08006f00                uart_hal_get_byte_blocking
 .text          0x08006f1c       0x7c user_source/hal_interface/cpu.o
                0x08006f1c                cpu_init
                0x08006f6c                cpu_sw_delay
                0x08006f84                cpu_sw_udelay
 *fill*         0x08006f98        0x8 
 .text          0x08006fa0       0xa0 /home/denny/NYU/emb/gcc-arm-none-eabi-5_4-2016q3/bin/../lib/gcc/arm-none-eabi/5.4.1/../../../../arm-none-eabi/lib/armv7e-m/fpu/libc.a(lib_a-memchr.o)
                0x08006fa0                memchr
 .text          0x08007040      0x134 /home/denny/NYU/emb/gcc-arm-none-eabi-5_4-2016q3/bin/../lib/gcc/arm-none-eabi/5.4.1/../../../../arm-none-eabi/lib/armv7e-m/fpu/libc.a(lib_a-memcpy.o)
                0x08007040                memcpy
 *fill*         0x08007174        0xc 
 .text          0x08007180       0xdc /home/denny/NYU/emb/gcc-arm-none-eabi-5_4-2016q3/bin/../lib/gcc/arm-none-eabi/5.4.1/../../../../arm-none-eabi/lib/armv7e-m/fpu/libc.a(lib_a-strlen.o)
                0x08007180                strlen
 .text          0x0800725c      0x370 /home/denny/NYU/emb/gcc-arm-none-eabi-5_4-2016q3/bin/../lib/gcc/arm-none-eabi/5.4.1/armv7e-m/fpu/libgcc.a(_arm_addsubdf3.o)
                0x0800725c                __aeabi_drsub
                0x08007264                __aeabi_dsub
                0x08007264                __subdf3
                0x08007268                __adddf3
                0x08007268                __aeabi_dadd
                0x080074e0                __aeabi_ui2d
                0x080074e0                __floatunsidf
                0x08007500                __floatsidf
                0x08007500                __aeabi_i2d
                0x08007524                __extendsfdf2
                0x08007524                __aeabi_f2d
                0x08007560                __aeabi_ul2d
                0x08007560                __floatundidf
                0x08007570                __floatdidf
                0x08007570                __aeabi_l2d
 .text          0x080075cc      0x424 /home/denny/NYU/emb/gcc-arm-none-eabi-5_4-2016q3/bin/../lib/gcc/arm-none-eabi/5.4.1/armv7e-m/fpu/libgcc.a(_arm_muldivdf3.o)
                0x080075cc                __aeabi_dmul
                0x080075cc                __muldf3
                0x08007820                __aeabi_ddiv
                0x08007820                __divdf3
 .text          0x080079f0      0x110 /home/denny/NYU/emb/gcc-arm-none-eabi-5_4-2016q3/bin/../lib/gcc/arm-none-eabi/5.4.1/armv7e-m/fpu/libgcc.a(_arm_cmpdf2.o)
                0x080079f0                __gtdf2
                0x080079f0                __gedf2
                0x080079f8                __ltdf2
                0x080079f8                __ledf2
                0x08007a00                __cmpdf2
                0x08007a00                __eqdf2
                0x08007a00                __nedf2
                0x08007a7c                __aeabi_cdrcmple
                0x08007a8c                __aeabi_cdcmple
                0x08007a8c                __aeabi_cdcmpeq
                0x08007a9c                __aeabi_dcmpeq
                0x08007ab0                __aeabi_dcmplt
                0x08007ac4                __aeabi_dcmple
                0x08007ad8                __aeabi_dcmpge
                0x08007aec                __aeabi_dcmpgt
 .text          0x08007b00       0x2c /home/denny/NYU/emb/gcc-arm-none-eabi-5_4-2016q3/bin/../lib/gcc/arm-none-eabi/5.4.1/armv7e-m/fpu/libgcc.a(_arm_unorddf2.o)
                0x08007b00                __aeabi_dcmpun
                0x08007b00                __unorddf2
 .text          0x08007b2c       0x50 /home/denny/NYU/emb/gcc-arm-none-eabi-5_4-2016q3/bin/../lib/gcc/arm-none-eabi/5.4.1/armv7e-m/fpu/libgcc.a(_arm_fixdfsi.o)
                0x08007b2c                __fixdfsi
                0x08007b2c                __aeabi_d2iz
 .text          0x08007b7c       0x30 /home/denny/NYU/emb/gcc-arm-none-eabi-5_4-2016q3/bin/../lib/gcc/arm-none-eabi/5.4.1/armv7e-m/fpu/libgcc.a(_aeabi_uldivmod.o)
                0x08007b7c                __aeabi_uldivmod
 .text          0x08007bac      0x2e4 /home/denny/NYU/emb/gcc-arm-none-eabi-5_4-2016q3/bin/../lib/gcc/arm-none-eabi/5.4.1/armv7e-m/fpu/libgcc.a(_udivmoddi4.o)
                0x08007bac                __udivmoddi4
 .text          0x08007e90        0x4 /home/denny/NYU/emb/gcc-arm-none-eabi-5_4-2016q3/bin/../lib/gcc/arm-none-eabi/5.4.1/armv7e-m/fpu/libgcc.a(_dvmd_tls.o)
                0x08007e90                __aeabi_ldiv0
                0x08007e90                __aeabi_idiv0
 *(.text*)
 .text.__libc_init_array
                0x08007e94       0x50 /home/denny/NYU/emb/gcc-arm-none-eabi-5_4-2016q3/bin/../lib/gcc/arm-none-eabi/5.4.1/../../../../arm-none-eabi/lib/armv7e-m/fpu/libc.a(lib_a-init.o)
                0x08007e94                __libc_init_array
 .text.memset   0x08007ee4       0x9c /home/denny/NYU/emb/gcc-arm-none-eabi-5_4-2016q3/bin/../lib/gcc/arm-none-eabi/5.4.1/../../../../arm-none-eabi/lib/armv7e-m/fpu/libc.a(lib_a-memset.o)
                0x08007ee4                memset
 .text.startup.register_fini
                0x08007f80       0x14 /home/denny/NYU/emb/gcc-arm-none-eabi-5_4-2016q3/bin/../lib/gcc/arm-none-eabi/5.4.1/../../../../arm-none-eabi/lib/armv7e-m/fpu/libc.a(lib_a-__call_atexit.o)
 .text.atexit   0x08007f94        0xc /home/denny/NYU/emb/gcc-arm-none-eabi-5_4-2016q3/bin/../lib/gcc/arm-none-eabi/5.4.1/../../../../arm-none-eabi/lib/armv7e-m/fpu/libc.a(lib_a-atexit.o)
                0x08007f94                atexit
 .text.__libc_fini_array
                0x08007fa0       0x28 /home/denny/NYU/emb/gcc-arm-none-eabi-5_4-2016q3/bin/../lib/gcc/arm-none-eabi/5.4.1/../../../../arm-none-eabi/lib/armv7e-m/fpu/libc.a(lib_a-fini.o)
                0x08007fa0                __libc_fini_array
 .text.__register_exitproc
                0x08007fc8       0xa4 /home/denny/NYU/emb/gcc-arm-none-eabi-5_4-2016q3/bin/../lib/gcc/arm-none-eabi/5.4.1/../../../../arm-none-eabi/lib/armv7e-m/fpu/libc.a(lib_a-__atexit.o)
                0x08007fc8                __register_exitproc
 .text.Reset_Handler
                0x0800806c       0x50 ../arch/stm32/f3/src/CMSIS/startup_stm32f303xc.o
                0x0800806c                Reset_Handler
 .text.Default_Handler
                0x080080bc        0x2 ../arch/stm32/f3/src/CMSIS/startup_stm32f303xc.o
                0x080080bc                RTC_Alarm_IRQHandler
                0x080080bc                TIM8_TRG_COM_IRQHandler
                0x080080bc                TIM8_CC_IRQHandler
                0x080080bc                DebugMon_Handler
                0x080080bc                TIM1_CC_IRQHandler
                0x080080bc                HardFault_Handler
                0x080080bc                USB_HP_IRQHandler
                0x080080bc                SysTick_Handler
                0x080080bc                PVD_IRQHandler
                0x080080bc                TAMP_STAMP_IRQHandler
                0x080080bc                PendSV_Handler
                0x080080bc                NMI_Handler
                0x080080bc                EXTI3_IRQHandler
                0x080080bc                USB_HP_CAN_TX_IRQHandler
                0x080080bc                I2C2_EV_IRQHandler
                0x080080bc                FPU_IRQHandler
                0x080080bc                TIM1_UP_TIM16_IRQHandler
                0x080080bc                UsageFault_Handler
                0x080080bc                ADC1_2_IRQHandler
                0x080080bc                SPI1_IRQHandler
                0x080080bc                CAN_SCE_IRQHandler
                0x080080bc                TIM8_UP_IRQHandler
                0x080080bc                DMA2_Channel2_IRQHandler
                0x080080bc                DMA1_Channel4_IRQHandler
                0x080080bc                USART3_IRQHandler
                0x080080bc                DMA1_Channel7_IRQHandler
                0x080080bc                UART5_IRQHandler
                0x080080bc                ADC3_IRQHandler
                0x080080bc                TIM4_IRQHandler
                0x080080bc                CAN_RX1_IRQHandler
                0x080080bc                DMA2_Channel1_IRQHandler
                0x080080bc                I2C1_EV_IRQHandler
                0x080080bc                DMA1_Channel6_IRQHandler
                0x080080bc                UART4_IRQHandler
                0x080080bc                DMA2_Channel4_IRQHandler
                0x080080bc                TIM3_IRQHandler
                0x080080bc                RCC_IRQHandler
                0x080080bc                DMA1_Channel1_IRQHandler
                0x080080bc                Default_Handler
                0x080080bc                USBWakeUp_RMP_IRQHandler
                0x080080bc                TIM7_IRQHandler
                0x080080bc                RTC_WKUP_IRQHandler
                0x080080bc                SPI2_IRQHandler
                0x080080bc                USB_LP_CAN_RX0_IRQHandler
                0x080080bc                MemManage_Handler
                0x080080bc                SVC_Handler
                0x080080bc                DMA2_Channel5_IRQHandler
                0x080080bc                DMA1_Channel5_IRQHandler
                0x080080bc                USB_LP_IRQHandler
                0x080080bc                TIM1_TRG_COM_TIM17_IRQHandler
                0x080080bc                DMA1_Channel3_IRQHandler
                0x080080bc                ADC4_IRQHandler
                0x080080bc                WWDG_IRQHandler
                0x080080bc                TIM2_IRQHandler
                0x080080bc                COMP7_IRQHandler
                0x080080bc                COMP1_2_3_IRQHandler
                0x080080bc                EXTI1_IRQHandler
                0x080080bc                USART2_IRQHandler
                0x080080bc                COMP4_5_6_IRQHandler
                0x080080bc                I2C2_ER_IRQHandler
                0x080080bc                DMA1_Channel2_IRQHandler
                0x080080bc                TIM8_BRK_IRQHandler
                0x080080bc                FLASH_IRQHandler
                0x080080bc                BusFault_Handler
                0x080080bc                USART1_IRQHandler
                0x080080bc                SPI3_IRQHandler
                0x080080bc                I2C1_ER_IRQHandler
                0x080080bc                USBWakeUp_IRQHandler
                0x080080bc                DMA2_Channel3_IRQHandler
                0x080080bc                TIM1_BRK_TIM15_IRQHandler
 *fill*         0x080080be        0x2 
 .text.startup  0x080080c0       0x84 Autonomous_Parallel_Parking.o
                0x080080c0                main
 .text.printf   0x08008144       0x28 /home/denny/NYU/emb/gcc-arm-none-eabi-5_4-2016q3/bin/../lib/gcc/arm-none-eabi/5.4.1/../../../../arm-none-eabi/lib/armv7e-m/fpu/libc.a(lib_a-printf.o)
                0x08008144                printf
 .text.setvbuf  0x0800816c      0x150 /home/denny/NYU/emb/gcc-arm-none-eabi-5_4-2016q3/bin/../lib/gcc/arm-none-eabi/5.4.1/../../../../arm-none-eabi/lib/armv7e-m/fpu/libc.a(lib_a-setvbuf.o)
                0x0800816c                setvbuf
 *fill*         0x080082bc        0x4 
 .text._vfprintf_r
                0x080082c0     0x1728 /home/denny/NYU/emb/gcc-arm-none-eabi-5_4-2016q3/bin/../lib/gcc/arm-none-eabi/5.4.1/../../../../arm-none-eabi/lib/armv7e-m/fpu/libc.a(lib_a-vfprintf.o)
                0x080082c0                _vfprintf_r
 .text.__sbprintf
                0x080099e8       0x6c /home/denny/NYU/emb/gcc-arm-none-eabi-5_4-2016q3/bin/../lib/gcc/arm-none-eabi/5.4.1/../../../../arm-none-eabi/lib/armv7e-m/fpu/libc.a(lib_a-vfprintf.o)
 .text.__swsetup_r
                0x08009a54       0xc8 /home/denny/NYU/emb/gcc-arm-none-eabi-5_4-2016q3/bin/../lib/gcc/arm-none-eabi/5.4.1/../../../../arm-none-eabi/lib/armv7e-m/fpu/libc.a(lib_a-wsetup.o)
                0x08009a54                __swsetup_r
 .text.quorem   0x08009b1c      0x128 /home/denny/NYU/emb/gcc-arm-none-eabi-5_4-2016q3/bin/../lib/gcc/arm-none-eabi/5.4.1/../../../../arm-none-eabi/lib/armv7e-m/fpu/libc.a(lib_a-dtoa.o)
 *fill*         0x08009c44        0x4 
 .text._dtoa_r  0x08009c48      0xe34 /home/denny/NYU/emb/gcc-arm-none-eabi-5_4-2016q3/bin/../lib/gcc/arm-none-eabi/5.4.1/../../../../arm-none-eabi/lib/armv7e-m/fpu/libc.a(lib_a-dtoa.o)
                0x08009c48                _dtoa_r
 .text.__sflush_r
                0x0800aa7c      0x148 /home/denny/NYU/emb/gcc-arm-none-eabi-5_4-2016q3/bin/../lib/gcc/arm-none-eabi/5.4.1/../../../../arm-none-eabi/lib/armv7e-m/fpu/libc.a(lib_a-fflush.o)
                0x0800aa7c                __sflush_r
 .text._fflush_r
                0x0800abc4       0x2c /home/denny/NYU/emb/gcc-arm-none-eabi-5_4-2016q3/bin/../lib/gcc/arm-none-eabi/5.4.1/../../../../arm-none-eabi/lib/armv7e-m/fpu/libc.a(lib_a-fflush.o)
                0x0800abc4                _fflush_r
 .text._cleanup_r
                0x0800abf0        0xc /home/denny/NYU/emb/gcc-arm-none-eabi-5_4-2016q3/bin/../lib/gcc/arm-none-eabi/5.4.1/../../../../arm-none-eabi/lib/armv7e-m/fpu/libc.a(lib_a-findfp.o)
                0x0800abf0                _cleanup_r
 .text.__sinit.part.1
                0x0800abfc       0xf0 /home/denny/NYU/emb/gcc-arm-none-eabi-5_4-2016q3/bin/../lib/gcc/arm-none-eabi/5.4.1/../../../../arm-none-eabi/lib/armv7e-m/fpu/libc.a(lib_a-findfp.o)
 .text.__sinit  0x0800acec        0xc /home/denny/NYU/emb/gcc-arm-none-eabi-5_4-2016q3/bin/../lib/gcc/arm-none-eabi/5.4.1/../../../../arm-none-eabi/lib/armv7e-m/fpu/libc.a(lib_a-findfp.o)
                0x0800acec                __sinit
 .text.__sfp_lock_acquire
                0x0800acf8        0x4 /home/denny/NYU/emb/gcc-arm-none-eabi-5_4-2016q3/bin/../lib/gcc/arm-none-eabi/5.4.1/../../../../arm-none-eabi/lib/armv7e-m/fpu/libc.a(lib_a-findfp.o)
                0x0800acf8                __sfp_lock_acquire
 .text.__sfp_lock_release
                0x0800acfc        0x4 /home/denny/NYU/emb/gcc-arm-none-eabi-5_4-2016q3/bin/../lib/gcc/arm-none-eabi/5.4.1/../../../../arm-none-eabi/lib/armv7e-m/fpu/libc.a(lib_a-findfp.o)
                0x0800acfc                __sfp_lock_release
 .text._malloc_trim_r
                0x0800ad00       0x9c /home/denny/NYU/emb/gcc-arm-none-eabi-5_4-2016q3/bin/../lib/gcc/arm-none-eabi/5.4.1/../../../../arm-none-eabi/lib/armv7e-m/fpu/libc.a(lib_a-freer.o)
                0x0800ad00                _malloc_trim_r
 .text._free_r  0x0800ad9c      0x1d0 /home/denny/NYU/emb/gcc-arm-none-eabi-5_4-2016q3/bin/../lib/gcc/arm-none-eabi/5.4.1/../../../../arm-none-eabi/lib/armv7e-m/fpu/libc.a(lib_a-freer.o)
                0x0800ad9c                _free_r
 .text._fwalk_reent
                0x0800af6c       0x54 /home/denny/NYU/emb/gcc-arm-none-eabi-5_4-2016q3/bin/../lib/gcc/arm-none-eabi/5.4.1/../../../../arm-none-eabi/lib/armv7e-m/fpu/libc.a(lib_a-fwalk.o)
                0x0800af6c                _fwalk_reent
 .text._localeconv_r
                0x0800afc0       0x1c /home/denny/NYU/emb/gcc-arm-none-eabi-5_4-2016q3/bin/../lib/gcc/arm-none-eabi/5.4.1/../../../../arm-none-eabi/lib/armv7e-m/fpu/libc.a(lib_a-localeconv.o)
                0x0800afc0                _localeconv_r
 .text.__swhatbuf_r
                0x0800afdc       0x60 /home/denny/NYU/emb/gcc-arm-none-eabi-5_4-2016q3/bin/../lib/gcc/arm-none-eabi/5.4.1/../../../../arm-none-eabi/lib/armv7e-m/fpu/libc.a(lib_a-makebuf.o)
                0x0800afdc                __swhatbuf_r
 .text.__smakebuf_r
                0x0800b03c       0x88 /home/denny/NYU/emb/gcc-arm-none-eabi-5_4-2016q3/bin/../lib/gcc/arm-none-eabi/5.4.1/../../../../arm-none-eabi/lib/armv7e-m/fpu/libc.a(lib_a-makebuf.o)
                0x0800b03c                __smakebuf_r
 .text.malloc   0x0800b0c4       0x10 /home/denny/NYU/emb/gcc-arm-none-eabi-5_4-2016q3/bin/../lib/gcc/arm-none-eabi/5.4.1/../../../../arm-none-eabi/lib/armv7e-m/fpu/libc.a(lib_a-malloc.o)
                0x0800b0c4                malloc
 .text._malloc_r
                0x0800b0d4      0x570 /home/denny/NYU/emb/gcc-arm-none-eabi-5_4-2016q3/bin/../lib/gcc/arm-none-eabi/5.4.1/../../../../arm-none-eabi/lib/armv7e-m/fpu/libc.a(lib_a-mallocr.o)
                0x0800b0d4                _malloc_r
 .text.__malloc_lock
                0x0800b644        0x4 /home/denny/NYU/emb/gcc-arm-none-eabi-5_4-2016q3/bin/../lib/gcc/arm-none-eabi/5.4.1/../../../../arm-none-eabi/lib/armv7e-m/fpu/libc.a(lib_a-mlock.o)
                0x0800b644                __malloc_lock
 .text.__malloc_unlock
                0x0800b648        0x4 /home/denny/NYU/emb/gcc-arm-none-eabi-5_4-2016q3/bin/../lib/gcc/arm-none-eabi/5.4.1/../../../../arm-none-eabi/lib/armv7e-m/fpu/libc.a(lib_a-mlock.o)
                0x0800b648                __malloc_unlock
 .text._Balloc  0x0800b64c       0x4c /home/denny/NYU/emb/gcc-arm-none-eabi-5_4-2016q3/bin/../lib/gcc/arm-none-eabi/5.4.1/../../../../arm-none-eabi/lib/armv7e-m/fpu/libc.a(lib_a-mprec.o)
                0x0800b64c                _Balloc
 .text._Bfree   0x0800b698       0x14 /home/denny/NYU/emb/gcc-arm-none-eabi-5_4-2016q3/bin/../lib/gcc/arm-none-eabi/5.4.1/../../../../arm-none-eabi/lib/armv7e-m/fpu/libc.a(lib_a-mprec.o)
                0x0800b698                _Bfree
 .text.__multadd
                0x0800b6ac       0x80 /home/denny/NYU/emb/gcc-arm-none-eabi-5_4-2016q3/bin/../lib/gcc/arm-none-eabi/5.4.1/../../../../arm-none-eabi/lib/armv7e-m/fpu/libc.a(lib_a-mprec.o)
                0x0800b6ac                __multadd
 .text.__hi0bits
                0x0800b72c       0x40 /home/denny/NYU/emb/gcc-arm-none-eabi-5_4-2016q3/bin/../lib/gcc/arm-none-eabi/5.4.1/../../../../arm-none-eabi/lib/armv7e-m/fpu/libc.a(lib_a-mprec.o)
                0x0800b72c                __hi0bits
 .text.__lo0bits
                0x0800b76c       0x5c /home/denny/NYU/emb/gcc-arm-none-eabi-5_4-2016q3/bin/../lib/gcc/arm-none-eabi/5.4.1/../../../../arm-none-eabi/lib/armv7e-m/fpu/libc.a(lib_a-mprec.o)
                0x0800b76c                __lo0bits
 .text.__i2b    0x0800b7c8       0x14 /home/denny/NYU/emb/gcc-arm-none-eabi-5_4-2016q3/bin/../lib/gcc/arm-none-eabi/5.4.1/../../../../arm-none-eabi/lib/armv7e-m/fpu/libc.a(lib_a-mprec.o)
                0x0800b7c8                __i2b
 .text.__multiply
                0x0800b7dc      0x130 /home/denny/NYU/emb/gcc-arm-none-eabi-5_4-2016q3/bin/../lib/gcc/arm-none-eabi/5.4.1/../../../../arm-none-eabi/lib/armv7e-m/fpu/libc.a(lib_a-mprec.o)
                0x0800b7dc                __multiply
 .text.__pow5mult
                0x0800b90c       0xa0 /home/denny/NYU/emb/gcc-arm-none-eabi-5_4-2016q3/bin/../lib/gcc/arm-none-eabi/5.4.1/../../../../arm-none-eabi/lib/armv7e-m/fpu/libc.a(lib_a-mprec.o)
                0x0800b90c                __pow5mult
 .text.__lshift
                0x0800b9ac       0xb0 /home/denny/NYU/emb/gcc-arm-none-eabi-5_4-2016q3/bin/../lib/gcc/arm-none-eabi/5.4.1/../../../../arm-none-eabi/lib/armv7e-m/fpu/libc.a(lib_a-mprec.o)
                0x0800b9ac                __lshift
 .text.__mcmp   0x0800ba5c       0x44 /home/denny/NYU/emb/gcc-arm-none-eabi-5_4-2016q3/bin/../lib/gcc/arm-none-eabi/5.4.1/../../../../arm-none-eabi/lib/armv7e-m/fpu/libc.a(lib_a-mprec.o)
                0x0800ba5c                __mcmp
 .text.__mdiff  0x0800baa0      0x114 /home/denny/NYU/emb/gcc-arm-none-eabi-5_4-2016q3/bin/../lib/gcc/arm-none-eabi/5.4.1/../../../../arm-none-eabi/lib/armv7e-m/fpu/libc.a(lib_a-mprec.o)
                0x0800baa0                __mdiff
 .text.__d2b    0x0800bbb4       0xbc /home/denny/NYU/emb/gcc-arm-none-eabi-5_4-2016q3/bin/../lib/gcc/arm-none-eabi/5.4.1/../../../../arm-none-eabi/lib/armv7e-m/fpu/libc.a(lib_a-mprec.o)
                0x0800bbb4                __d2b
 .text._sbrk_r  0x0800bc70       0x24 /home/denny/NYU/emb/gcc-arm-none-eabi-5_4-2016q3/bin/../lib/gcc/arm-none-eabi/5.4.1/../../../../arm-none-eabi/lib/armv7e-m/fpu/libc.a(lib_a-sbrkr.o)
                0x0800bc70                _sbrk_r
 .text.__sread  0x0800bc94       0x24 /home/denny/NYU/emb/gcc-arm-none-eabi-5_4-2016q3/bin/../lib/gcc/arm-none-eabi/5.4.1/../../../../arm-none-eabi/lib/armv7e-m/fpu/libc.a(lib_a-stdio.o)
                0x0800bc94                __sread
 .text.__swrite
                0x0800bcb8       0x3c /home/denny/NYU/emb/gcc-arm-none-eabi-5_4-2016q3/bin/../lib/gcc/arm-none-eabi/5.4.1/../../../../arm-none-eabi/lib/armv7e-m/fpu/libc.a(lib_a-stdio.o)
                0x0800bcb8                __swrite
 .text.__sseek  0x0800bcf4       0x20 /home/denny/NYU/emb/gcc-arm-none-eabi-5_4-2016q3/bin/../lib/gcc/arm-none-eabi/5.4.1/../../../../arm-none-eabi/lib/armv7e-m/fpu/libc.a(lib_a-stdio.o)
                0x0800bcf4                __sseek
 .text.__sclose
                0x0800bd14        0x8 /home/denny/NYU/emb/gcc-arm-none-eabi-5_4-2016q3/bin/../lib/gcc/arm-none-eabi/5.4.1/../../../../arm-none-eabi/lib/armv7e-m/fpu/libc.a(lib_a-stdio.o)
                0x0800bd14                __sclose
 .text.__sprint_r.part.0
                0x0800bd1c       0x78 /home/denny/NYU/emb/gcc-arm-none-eabi-5_4-2016q3/bin/../lib/gcc/arm-none-eabi/5.4.1/../../../../arm-none-eabi/lib/armv7e-m/fpu/libc.a(lib_a-vfiprintf.o)
 .text.__sprint_r
                0x0800bd94       0x14 /home/denny/NYU/emb/gcc-arm-none-eabi-5_4-2016q3/bin/../lib/gcc/arm-none-eabi/5.4.1/../../../../arm-none-eabi/lib/armv7e-m/fpu/libc.a(lib_a-vfiprintf.o)
                0x0800bd94                __sprint_r
 .text._write_r
                0x0800bda8       0x2c /home/denny/NYU/emb/gcc-arm-none-eabi-5_4-2016q3/bin/../lib/gcc/arm-none-eabi/5.4.1/../../../../arm-none-eabi/lib/armv7e-m/fpu/libc.a(lib_a-writer.o)
                0x0800bda8                _write_r
 .text._calloc_r
                0x0800bdd4       0x60 /home/denny/NYU/emb/gcc-arm-none-eabi-5_4-2016q3/bin/../lib/gcc/arm-none-eabi/5.4.1/../../../../arm-none-eabi/lib/armv7e-m/fpu/libc.a(lib_a-callocr.o)
                0x0800bdd4                _calloc_r
 .text._close_r
                0x0800be34       0x24 /home/denny/NYU/emb/gcc-arm-none-eabi-5_4-2016q3/bin/../lib/gcc/arm-none-eabi/5.4.1/../../../../arm-none-eabi/lib/armv7e-m/fpu/libc.a(lib_a-closer.o)
                0x0800be34                _close_r
 .text._fclose_r
                0x0800be58       0x84 /home/denny/NYU/emb/gcc-arm-none-eabi-5_4-2016q3/bin/../lib/gcc/arm-none-eabi/5.4.1/../../../../arm-none-eabi/lib/armv7e-m/fpu/libc.a(lib_a-fclose.o)
                0x0800be58                _fclose_r
 .text.__fputwc
                0x0800bedc       0x98 /home/denny/NYU/emb/gcc-arm-none-eabi-5_4-2016q3/bin/../lib/gcc/arm-none-eabi/5.4.1/../../../../arm-none-eabi/lib/armv7e-m/fpu/libc.a(lib_a-fputwc.o)
                0x0800bedc                __fputwc
 .text._fputwc_r
                0x0800bf74       0x28 /home/denny/NYU/emb/gcc-arm-none-eabi-5_4-2016q3/bin/../lib/gcc/arm-none-eabi/5.4.1/../../../../arm-none-eabi/lib/armv7e-m/fpu/libc.a(lib_a-fputwc.o)
                0x0800bf74                _fputwc_r
 .text._fstat_r
                0x0800bf9c       0x28 /home/denny/NYU/emb/gcc-arm-none-eabi-5_4-2016q3/bin/../lib/gcc/arm-none-eabi/5.4.1/../../../../arm-none-eabi/lib/armv7e-m/fpu/libc.a(lib_a-fstatr.o)
                0x0800bf9c                _fstat_r
 .text.__sfvwrite_r
                0x0800bfc4      0x304 /home/denny/NYU/emb/gcc-arm-none-eabi-5_4-2016q3/bin/../lib/gcc/arm-none-eabi/5.4.1/../../../../arm-none-eabi/lib/armv7e-m/fpu/libc.a(lib_a-fvwrite.o)
                0x0800bfc4                __sfvwrite_r
 .text._isatty_r
                0x0800c2c8       0x24 /home/denny/NYU/emb/gcc-arm-none-eabi-5_4-2016q3/bin/../lib/gcc/arm-none-eabi/5.4.1/../../../../arm-none-eabi/lib/armv7e-m/fpu/libc.a(lib_a-isattyr.o)
                0x0800c2c8                _isatty_r
 .text.__locale_mb_cur_max
                0x0800c2ec       0x1c /home/denny/NYU/emb/gcc-arm-none-eabi-5_4-2016q3/bin/../lib/gcc/arm-none-eabi/5.4.1/../../../../arm-none-eabi/lib/armv7e-m/fpu/libc.a(lib_a-locale.o)
                0x0800c2ec                __locale_mb_cur_max
 .text._lseek_r
                0x0800c308       0x2c /home/denny/NYU/emb/gcc-arm-none-eabi-5_4-2016q3/bin/../lib/gcc/arm-none-eabi/5.4.1/../../../../arm-none-eabi/lib/armv7e-m/fpu/libc.a(lib_a-lseekr.o)
                0x0800c308                _lseek_r
 .text.__ascii_mbtowc
                0x0800c334       0x2c /home/denny/NYU/emb/gcc-arm-none-eabi-5_4-2016q3/bin/../lib/gcc/arm-none-eabi/5.4.1/../../../../arm-none-eabi/lib/armv7e-m/fpu/libc.a(lib_a-mbtowc_r.o)
                0x0800c334                __ascii_mbtowc
 .text.memmove  0x0800c360       0xc8 /home/denny/NYU/emb/gcc-arm-none-eabi-5_4-2016q3/bin/../lib/gcc/arm-none-eabi/5.4.1/../../../../arm-none-eabi/lib/armv7e-m/fpu/libc.a(lib_a-memmove.o)
                0x0800c360                memmove
 .text._read_r  0x0800c428       0x2c /home/denny/NYU/emb/gcc-arm-none-eabi-5_4-2016q3/bin/../lib/gcc/arm-none-eabi/5.4.1/../../../../arm-none-eabi/lib/armv7e-m/fpu/libc.a(lib_a-readr.o)
                0x0800c428                _read_r
 .text._realloc_r
                0x0800c454      0x3e0 /home/denny/NYU/emb/gcc-arm-none-eabi-5_4-2016q3/bin/../lib/gcc/arm-none-eabi/5.4.1/../../../../arm-none-eabi/lib/armv7e-m/fpu/libc.a(lib_a-reallocr.o)
                0x0800c454                _realloc_r
 .text.__swbuf_r
                0x0800c834       0xac /home/denny/NYU/emb/gcc-arm-none-eabi-5_4-2016q3/bin/../lib/gcc/arm-none-eabi/5.4.1/../../../../arm-none-eabi/lib/armv7e-m/fpu/libc.a(lib_a-wbuf.o)
                0x0800c834                __swbuf_r
 .text._wcrtomb_r
                0x0800c8e0       0x54 /home/denny/NYU/emb/gcc-arm-none-eabi-5_4-2016q3/bin/../lib/gcc/arm-none-eabi/5.4.1/../../../../arm-none-eabi/lib/armv7e-m/fpu/libc.a(lib_a-wcrtomb.o)
                0x0800c8e0                _wcrtomb_r
 .text.__ascii_wctomb
                0x0800c934       0x1c /home/denny/NYU/emb/gcc-arm-none-eabi-5_4-2016q3/bin/../lib/gcc/arm-none-eabi/5.4.1/../../../../arm-none-eabi/lib/armv7e-m/fpu/libc.a(lib_a-wctomb_r.o)
                0x0800c934                __ascii_wctomb
 *(.glue_7)
 .glue_7        0x0800c950        0x0 linker stubs
 *(.glue_7t)
 .glue_7t       0x0800c950        0x0 linker stubs
 *(.eh_frame)
 .eh_frame      0x0800c950        0x0 /home/denny/NYU/emb/gcc-arm-none-eabi-5_4-2016q3/bin/../lib/gcc/arm-none-eabi/5.4.1/armv7e-m/fpu/crtbegin.o
 *(.init)
 .init          0x0800c950        0x4 /home/denny/NYU/emb/gcc-arm-none-eabi-5_4-2016q3/bin/../lib/gcc/arm-none-eabi/5.4.1/armv7e-m/fpu/crti.o
                0x0800c950                _init
 .init          0x0800c954        0x8 /home/denny/NYU/emb/gcc-arm-none-eabi-5_4-2016q3/bin/../lib/gcc/arm-none-eabi/5.4.1/armv7e-m/fpu/crtn.o
 *(.fini)
 .fini          0x0800c95c        0x4 /home/denny/NYU/emb/gcc-arm-none-eabi-5_4-2016q3/bin/../lib/gcc/arm-none-eabi/5.4.1/armv7e-m/fpu/crti.o
                0x0800c95c                _fini
 .fini          0x0800c960        0x8 /home/denny/NYU/emb/gcc-arm-none-eabi-5_4-2016q3/bin/../lib/gcc/arm-none-eabi/5.4.1/armv7e-m/fpu/crtn.o
                0x0800c968                . = ALIGN (0x4)
                0x0800c968                _etext = .

.vfp11_veneer   0x0800c968        0x0
 .vfp11_veneer  0x0800c968        0x0 linker stubs

.v4_bx          0x0800c968        0x0
 .v4_bx         0x0800c968        0x0 linker stubs

.iplt           0x0800c968        0x0
 .iplt          0x0800c968        0x0 /home/denny/NYU/emb/gcc-arm-none-eabi-5_4-2016q3/bin/../lib/gcc/arm-none-eabi/5.4.1/armv7e-m/fpu/crtbegin.o

.rodata         0x0800c968      0x380
                0x0800c968                . = ALIGN (0x4)
 *(.rodata)
 .rodata        0x0800c968        0x4 ../arch/stm32/f3/src/stm32f3xx_hal_uart.o
 .rodata        0x0800c96c       0x20 ../arch/stm32/f3/src/stm32f3xx_hal_rcc.o
                0x0800c96c                aPLLMULFactorTable
                0x0800c97c                aPredivFactorTable
 .rodata        0x0800c98c       0x18 ../arch/stm32/f3/src/CMSIS/system_stm32f3xx.o
                0x0800c98c                AHBPrescTable
                0x0800c99c                APBPrescTable
 *(.rodata*)
 .rodata._global_impure_ptr
                0x0800c9a4        0x4 /home/denny/NYU/emb/gcc-arm-none-eabi-5_4-2016q3/bin/../lib/gcc/arm-none-eabi/5.4.1/../../../../arm-none-eabi/lib/armv7e-m/fpu/libc.a(lib_a-impure.o)
                0x0800c9a4                _global_impure_ptr
 .rodata.str1.4
                0x0800c9a8       0x3d Autonomous_Parallel_Parking.o
 .rodata.str1.4
                0x0800c9e5       0x3d user_source/motion.o
                                  0x3 (size before relaxing)
 .rodata.str1.4
                0x0800c9e5        0x3 user_source/interrupts.o
 *fill*         0x0800c9e5        0x3 
 .rodata.str1.4
                0x0800c9e8       0x58 user_source/sensor_timer.o
 .rodata.str1.4
                0x0800ca40       0x22 user_source/hal_interface/newlib_stubs.o
 *fill*         0x0800ca62        0x2 
 .rodata.zeroes.7273
                0x0800ca64       0x10 /home/denny/NYU/emb/gcc-arm-none-eabi-5_4-2016q3/bin/../lib/gcc/arm-none-eabi/5.4.1/../../../../arm-none-eabi/lib/armv7e-m/fpu/libc.a(lib_a-vfprintf.o)
 .rodata.str1.4
                0x0800ca74       0x42 /home/denny/NYU/emb/gcc-arm-none-eabi-5_4-2016q3/bin/../lib/gcc/arm-none-eabi/5.4.1/../../../../arm-none-eabi/lib/armv7e-m/fpu/libc.a(lib_a-vfprintf.o)
 *fill*         0x0800cab6        0x2 
 .rodata.blanks.7272
                0x0800cab8       0x10 /home/denny/NYU/emb/gcc-arm-none-eabi-5_4-2016q3/bin/../lib/gcc/arm-none-eabi/5.4.1/../../../../arm-none-eabi/lib/armv7e-m/fpu/libc.a(lib_a-vfprintf.o)
 .rodata.str1.4
                0x0800cac8       0x10 /home/denny/NYU/emb/gcc-arm-none-eabi-5_4-2016q3/bin/../lib/gcc/arm-none-eabi/5.4.1/../../../../arm-none-eabi/lib/armv7e-m/fpu/libc.a(lib_a-dtoa.o)
                                 0x12 (size before relaxing)
 .rodata.__mprec_tens
                0x0800cad8       0xc8 /home/denny/NYU/emb/gcc-arm-none-eabi-5_4-2016q3/bin/../lib/gcc/arm-none-eabi/5.4.1/../../../../arm-none-eabi/lib/armv7e-m/fpu/libc.a(lib_a-mprec.o)
                0x0800cad8                __mprec_tens
 .rodata.__mprec_bigtens
                0x0800cba0       0x28 /home/denny/NYU/emb/gcc-arm-none-eabi-5_4-2016q3/bin/../lib/gcc/arm-none-eabi/5.4.1/../../../../arm-none-eabi/lib/armv7e-m/fpu/libc.a(lib_a-mprec.o)
                0x0800cba0                __mprec_bigtens
 .rodata.p05.6087
                0x0800cbc8        0xc /home/denny/NYU/emb/gcc-arm-none-eabi-5_4-2016q3/bin/../lib/gcc/arm-none-eabi/5.4.1/../../../../arm-none-eabi/lib/armv7e-m/fpu/libc.a(lib_a-mprec.o)
 .rodata.str1.4
                0x0800cbd4       0x10 /home/denny/NYU/emb/gcc-arm-none-eabi-5_4-2016q3/bin/../lib/gcc/arm-none-eabi/5.4.1/../../../../arm-none-eabi/lib/armv7e-m/fpu/libc.a(lib_a-locale.o)
                                 0x12 (size before relaxing)
 .rodata._ctype_
                0x0800cbe4      0x101 /home/denny/NYU/emb/gcc-arm-none-eabi-5_4-2016q3/bin/../lib/gcc/arm-none-eabi/5.4.1/../../../../arm-none-eabi/lib/armv7e-m/fpu/libc.a(lib_a-ctype_.o)
                0x0800cbe4                _ctype_
                0x0800cce8                . = ALIGN (0x4)
 *fill*         0x0800cce5        0x3 

.ARM.extab
 *(.ARM.extab* .gnu.linkonce.armextab.*)

.ARM            0x0800cce8        0x8
                0x0800cce8                __exidx_start = .
 *(.ARM.exidx*)
 .ARM.exidx     0x0800cce8        0x8 /home/denny/NYU/emb/gcc-arm-none-eabi-5_4-2016q3/bin/../lib/gcc/arm-none-eabi/5.4.1/armv7e-m/fpu/libgcc.a(_udivmoddi4.o)
                0x0800ccf0                __exidx_end = .

.rel.dyn        0x0800ccf0        0x0
 .rel.iplt      0x0800ccf0        0x0 /home/denny/NYU/emb/gcc-arm-none-eabi-5_4-2016q3/bin/../lib/gcc/arm-none-eabi/5.4.1/armv7e-m/fpu/crtbegin.o

.preinit_array  0x0800ccf0        0x0
                0x0800ccf0                PROVIDE (__preinit_array_start, .)
 *(.preinit_array*)
                0x0800ccf0                PROVIDE (__preinit_array_end, .)

.init_array     0x0800ccf0        0x8
                0x0800ccf0                PROVIDE (__init_array_start, .)
 *(SORT(.init_array.*))
 .init_array.00000
                0x0800ccf0        0x4 /home/denny/NYU/emb/gcc-arm-none-eabi-5_4-2016q3/bin/../lib/gcc/arm-none-eabi/5.4.1/../../../../arm-none-eabi/lib/armv7e-m/fpu/libc.a(lib_a-__call_atexit.o)
 *(.init_array*)
 .init_array    0x0800ccf4        0x4 /home/denny/NYU/emb/gcc-arm-none-eabi-5_4-2016q3/bin/../lib/gcc/arm-none-eabi/5.4.1/armv7e-m/fpu/crtbegin.o
                0x0800ccf8                PROVIDE (__init_array_end, .)

.fini_array     0x0800ccf8        0x4
                0x0800ccf8                PROVIDE (__fini_array_start, .)
 *(SORT(.fini_array.*))
 *(.fini_array*)
 .fini_array    0x0800ccf8        0x4 /home/denny/NYU/emb/gcc-arm-none-eabi-5_4-2016q3/bin/../lib/gcc/arm-none-eabi/5.4.1/armv7e-m/fpu/crtbegin.o
                0x0800ccfc                PROVIDE (__fini_array_end, .)
                0x0800ccfc                _sidata = LOADADDR (.data)

.data           0x20000000      0x9c8 load address 0x0800ccfc
                0x20000000                . = ALIGN (0x4)
                0x20000000                _sdata = .
 *(.data)
 .data          0x20000000        0x4 ../arch/stm32/f3/src/CMSIS/system_stm32f3xx.o
                0x20000000                SystemCoreClock
 .data          0x20000004       0x18 user_source/sensor_timer.o
                0x20000004                Front_InterruptEdge
                0x20000005                Left_InterruptEdge
                0x20000006                Right_InterruptEdge
                0x20000008                g_inches_f
                0x2000000c                g_inches_r
                0x20000010                g_inches_l
                0x20000014                PulseEnded
                0x20000018                flag
 *(.data*)
 *fill*         0x2000001c        0x4 
 .data.impure_data
                0x20000020      0x428 /home/denny/NYU/emb/gcc-arm-none-eabi-5_4-2016q3/bin/../lib/gcc/arm-none-eabi/5.4.1/../../../../arm-none-eabi/lib/armv7e-m/fpu/libc.a(lib_a-impure.o)
 .data._impure_ptr
                0x20000448        0x4 /home/denny/NYU/emb/gcc-arm-none-eabi-5_4-2016q3/bin/../lib/gcc/arm-none-eabi/5.4.1/../../../../arm-none-eabi/lib/armv7e-m/fpu/libc.a(lib_a-impure.o)
                0x20000448                _impure_ptr
 .data.__malloc_av_
                0x2000044c      0x408 /home/denny/NYU/emb/gcc-arm-none-eabi-5_4-2016q3/bin/../lib/gcc/arm-none-eabi/5.4.1/../../../../arm-none-eabi/lib/armv7e-m/fpu/libc.a(lib_a-mallocr.o)
                0x2000044c                __malloc_av_
 .data.__malloc_trim_threshold
                0x20000854        0x4 /home/denny/NYU/emb/gcc-arm-none-eabi-5_4-2016q3/bin/../lib/gcc/arm-none-eabi/5.4.1/../../../../arm-none-eabi/lib/armv7e-m/fpu/libc.a(lib_a-mallocr.o)
                0x20000854                __malloc_trim_threshold
 .data.__malloc_sbrk_base
                0x20000858        0x4 /home/denny/NYU/emb/gcc-arm-none-eabi-5_4-2016q3/bin/../lib/gcc/arm-none-eabi/5.4.1/../../../../arm-none-eabi/lib/armv7e-m/fpu/libc.a(lib_a-mallocr.o)
                0x20000858                __malloc_sbrk_base
 .data.__global_locale
                0x2000085c      0x16c /home/denny/NYU/emb/gcc-arm-none-eabi-5_4-2016q3/bin/../lib/gcc/arm-none-eabi/5.4.1/../../../../arm-none-eabi/lib/armv7e-m/fpu/libc.a(lib_a-locale.o)
                0x2000085c                __global_locale
                0x200009c8                . = ALIGN (0x4)
                0x200009c8                _edata = .
                0x0800d6c4                _siccmram = LOADADDR (.ccmram)

.jcr            0x200009c8        0x0 load address 0x0800d6c4
 .jcr           0x200009c8        0x0 /home/denny/NYU/emb/gcc-arm-none-eabi-5_4-2016q3/bin/../lib/gcc/arm-none-eabi/5.4.1/armv7e-m/fpu/crtbegin.o

.igot.plt       0x200009c8        0x0 load address 0x0800d6c4
 .igot.plt      0x200009c8        0x0 /home/denny/NYU/emb/gcc-arm-none-eabi-5_4-2016q3/bin/../lib/gcc/arm-none-eabi/5.4.1/armv7e-m/fpu/crtbegin.o

.ccmram         0x10000000        0x0 load address 0x0800d6c4
                0x10000000                . = ALIGN (0x4)
                0x10000000                _sccmram = .
 *(.ccmram)
 *(.ccmram*)
                0x10000000                . = ALIGN (0x4)
                0x10000000                _eccmram = .
                0x10000000                . = ALIGN (0x4)

.bss            0x200009c8      0x3e0
                0x200009c8                _sbss = .
                0x200009c8                __bss_start__ = _sbss
 *(.bss)
 .bss           0x200009c8       0x1c /home/denny/NYU/emb/gcc-arm-none-eabi-5_4-2016q3/bin/../lib/gcc/arm-none-eabi/5.4.1/armv7e-m/fpu/crtbegin.o
 .bss           0x200009e4        0x8 user_source/encoder.o
                0x200009e4                g_leftEncoderCount
                0x200009e8                g_rightEncoderCount
 .bss           0x200009ec       0x25 user_source/sensor_timer.o
                0x200009ec                Forward_PulseTime
                0x200009f0                fmutex
                0x200009f4                Right_PulseTime
                0x200009f8                rmutex
                0x200009fc                Left_PulseTime
                0x20000a00                lmutex
                0x20000a04                MSec
                0x20000a08                TimerOverflow
                0x20000a0c                g_counter
                0x20000a10                mutex_flag
 *fill*         0x20000a11        0x3 
 .bss           0x20000a14        0xf user_source/state_machine.o
                0x20000a14                g_ldip
                0x20000a15                g_lrise
                0x20000a16                g_parking_dir
                0x20000a17                g_rdip
                0x20000a18                g_rrise
                0x20000a1c                g_exit_counter
                0x20000a20                aligningWithFrontCar
                0x20000a21                is_aligned
                0x20000a22                parkFlag
 *fill*         0x20000a23        0x1 
 .bss           0x20000a24       0x14 user_source/hal_interface/pin_setup.o
 .bss           0x20000a38        0x8 user_source/hal_interface/newlib_stubs.o
                0x20000a3c                __env
 *(.bss*)
 .bss.__malloc_max_total_mem
                0x20000a40        0x4 /home/denny/NYU/emb/gcc-arm-none-eabi-5_4-2016q3/bin/../lib/gcc/arm-none-eabi/5.4.1/../../../../arm-none-eabi/lib/armv7e-m/fpu/libc.a(lib_a-mallocr.o)
                0x20000a40                __malloc_max_total_mem
 .bss.__malloc_max_sbrked_mem
                0x20000a44        0x4 /home/denny/NYU/emb/gcc-arm-none-eabi-5_4-2016q3/bin/../lib/gcc/arm-none-eabi/5.4.1/../../../../arm-none-eabi/lib/armv7e-m/fpu/libc.a(lib_a-mallocr.o)
                0x20000a44                __malloc_max_sbrked_mem
 .bss.__malloc_top_pad
                0x20000a48        0x4 /home/denny/NYU/emb/gcc-arm-none-eabi-5_4-2016q3/bin/../lib/gcc/arm-none-eabi/5.4.1/../../../../arm-none-eabi/lib/armv7e-m/fpu/libc.a(lib_a-mallocr.o)
                0x20000a48                __malloc_top_pad
 .bss.__malloc_current_mallinfo
                0x20000a4c       0x28 /home/denny/NYU/emb/gcc-arm-none-eabi-5_4-2016q3/bin/../lib/gcc/arm-none-eabi/5.4.1/../../../../arm-none-eabi/lib/armv7e-m/fpu/libc.a(lib_a-mallocr.o)
                0x20000a4c                __malloc_current_mallinfo
 *(COMMON)
 COMMON         0x20000a74        0x4 ../arch/stm32/f3/src/stm32f3xx_hal.o
                0x20000a74                uwTick
 COMMON         0x20000a78       0x40 ../arch/stm32/f3/src/stm32f3xx_hal_timebase_tim.o
                0x20000a78                TimHandle
 COMMON         0x20000ab8      0x100 user_source/sensor_timer.o
                0x20000ab8                s_FSensorTimerInstance
                0x20000af8                s_LSensorTimerInstance
                0x20000b38                s_TimerInstance
                0x20000b78                s_RSensorTimerInstance
 COMMON         0x20000bb8        0xc user_source/state_machine.o
                0x20000bb8                g_old_ld
                0x20000bbc                g_old_rd
                0x20000bc0                g_current_state
 COMMON         0x20000bc4      0x170 user_source/hal_interface/pwm_hal.o
                0x20000bc4                tim_init1
                0x20000c04                tim2_conf3
                0x20000c20                tim2_conf1
                0x20000c3c                tim_init4
                0x20000c7c                tim_init2
                0x20000cbc                tim2_conf4
                0x20000cd8                tim2_conf2
                0x20000cf4                tim_init3
 COMMON         0x20000d34       0x70 user_source/hal_interface/uart_hal.o
                0x20000d34                UartHandle
 COMMON         0x20000da4        0x4 /home/denny/NYU/emb/gcc-arm-none-eabi-5_4-2016q3/bin/../lib/gcc/arm-none-eabi/5.4.1/../../../../arm-none-eabi/lib/armv7e-m/fpu/libc.a(lib_a-reent.o)
                0x20000da4                errno
                0x20000da8                . = ALIGN (0x4)
                0x20000da8                _ebss = .
                0x20000da8                __bss_end__ = _ebss

._user_heap_stack
                0x20000da8      0x600
                0x20000da8                . = ALIGN (0x4)
                [!provide]                PROVIDE (end, .)
                [!provide]                PROVIDE (_end, .)
                0x20000fa8                . = (. + _Min_Heap_Size)
 *fill*         0x20000da8      0x200 
                0x200013a8                . = (. + _Min_Stack_Size)
 *fill*         0x20000fa8      0x400 
                0x200013a8                . = ALIGN (0x4)

/DISCARD/
 libc.a(*)
 libm.a(*)
 libgcc.a(*)

.ARM.attributes
                0x00000000       0x30
 *(.ARM.attributes)
 .ARM.attributes
                0x00000000       0x22 /home/denny/NYU/emb/gcc-arm-none-eabi-5_4-2016q3/bin/../lib/gcc/arm-none-eabi/5.4.1/armv7e-m/fpu/crti.o
 .ARM.attributes
                0x00000022       0x34 /home/denny/NYU/emb/gcc-arm-none-eabi-5_4-2016q3/bin/../lib/gcc/arm-none-eabi/5.4.1/armv7e-m/fpu/crtbegin.o
 .ARM.attributes
                0x00000056       0x39 ../arch/stm32/f3/src/stm32f3xx_hal.o
 .ARM.attributes
                0x0000008f       0x39 ../arch/stm32/f3/src/stm32f3xx_hal_tim_ex.o
 .ARM.attributes
                0x000000c8       0x39 ../arch/stm32/f3/src/stm32f3xx_hal_dma.o
 .ARM.attributes
                0x00000101       0x39 ../arch/stm32/f3/src/stm32f3xx_hal_cortex.o
 .ARM.attributes
                0x0000013a       0x39 ../arch/stm32/f3/src/stm32f3xx_hal_uart_ex.o
 .ARM.attributes
                0x00000173       0x39 ../arch/stm32/f3/src/stm32f3xx_hal_tim.o
 .ARM.attributes
                0x000001ac       0x39 ../arch/stm32/f3/src/stm32f3xx_hal_uart.o
 .ARM.attributes
                0x000001e5       0x39 ../arch/stm32/f3/src/stm32f3xx_hal_timebase_tim.o
 .ARM.attributes
                0x0000021e       0x39 ../arch/stm32/f3/src/stm32f3xx_hal_msp.o
 .ARM.attributes
                0x00000257       0x39 ../arch/stm32/f3/src/stm32f3xx_hal_rcc.o
 .ARM.attributes
                0x00000290       0x39 ../arch/stm32/f3/src/stm32f3xx_hal_gpio.o
 .ARM.attributes
                0x000002c9       0x39 ../arch/stm32/f3/src/CMSIS/system_stm32f3xx.o
 .ARM.attributes
                0x00000302       0x21 ../arch/stm32/f3/src/CMSIS/startup_stm32f303xc.o
 .ARM.attributes
                0x00000323       0x39 Autonomous_Parallel_Parking.o
 .ARM.attributes
                0x0000035c       0x39 user_source/foo.o
 .ARM.attributes
                0x00000395       0x39 user_source/encoder.o
 .ARM.attributes
                0x000003ce       0x39 user_source/motion.o
 .ARM.attributes
                0x00000407       0x39 user_source/interrupts.o
 .ARM.attributes
                0x00000440       0x39 user_source/sensor_timer.o
 .ARM.attributes
                0x00000479       0x39 user_source/uart.o
 .ARM.attributes
                0x000004b2       0x39 user_source/mutex.o
 .ARM.attributes
                0x000004eb       0x39 user_source/state_machine.o
 .ARM.attributes
                0x00000524       0x39 user_source/hal_interface/cube_hal_msp.o
 .ARM.attributes
                0x0000055d       0x39 user_source/hal_interface/pwm_hal.o
 .ARM.attributes
                0x00000596       0x39 user_source/hal_interface/pin_setup.o
 .ARM.attributes
                0x000005cf       0x39 user_source/hal_interface/newlib_stubs.o
 .ARM.attributes
                0x00000608       0x39 user_source/hal_interface/uart_hal.o
 .ARM.attributes
                0x00000641       0x39 user_source/hal_interface/cpu.o
 .ARM.attributes
                0x0000067a       0x34 /home/denny/NYU/emb/gcc-arm-none-eabi-5_4-2016q3/bin/../lib/gcc/arm-none-eabi/5.4.1/../../../../arm-none-eabi/lib/armv7e-m/fpu/libc.a(lib_a-printf.o)
 .ARM.attributes
                0x000006ae       0x34 /home/denny/NYU/emb/gcc-arm-none-eabi-5_4-2016q3/bin/../lib/gcc/arm-none-eabi/5.4.1/../../../../arm-none-eabi/lib/armv7e-m/fpu/libc.a(lib_a-reent.o)
 .ARM.attributes
                0x000006e2       0x34 /home/denny/NYU/emb/gcc-arm-none-eabi-5_4-2016q3/bin/../lib/gcc/arm-none-eabi/5.4.1/../../../../arm-none-eabi/lib/armv7e-m/fpu/libc.a(lib_a-setvbuf.o)
 .ARM.attributes
                0x00000716       0x34 /home/denny/NYU/emb/gcc-arm-none-eabi-5_4-2016q3/bin/../lib/gcc/arm-none-eabi/5.4.1/../../../../arm-none-eabi/lib/armv7e-m/fpu/libc.a(lib_a-vfprintf.o)
 .ARM.attributes
                0x0000074a       0x34 /home/denny/NYU/emb/gcc-arm-none-eabi-5_4-2016q3/bin/../lib/gcc/arm-none-eabi/5.4.1/../../../../arm-none-eabi/lib/armv7e-m/fpu/libc.a(lib_a-wsetup.o)
 .ARM.attributes
                0x0000077e       0x34 /home/denny/NYU/emb/gcc-arm-none-eabi-5_4-2016q3/bin/../lib/gcc/arm-none-eabi/5.4.1/../../../../arm-none-eabi/lib/armv7e-m/fpu/libc.a(lib_a-dtoa.o)
 .ARM.attributes
                0x000007b2       0x34 /home/denny/NYU/emb/gcc-arm-none-eabi-5_4-2016q3/bin/../lib/gcc/arm-none-eabi/5.4.1/../../../../arm-none-eabi/lib/armv7e-m/fpu/libc.a(lib_a-fflush.o)
 .ARM.attributes
                0x000007e6       0x34 /home/denny/NYU/emb/gcc-arm-none-eabi-5_4-2016q3/bin/../lib/gcc/arm-none-eabi/5.4.1/../../../../arm-none-eabi/lib/armv7e-m/fpu/libc.a(lib_a-findfp.o)
 .ARM.attributes
                0x0000081a       0x34 /home/denny/NYU/emb/gcc-arm-none-eabi-5_4-2016q3/bin/../lib/gcc/arm-none-eabi/5.4.1/../../../../arm-none-eabi/lib/armv7e-m/fpu/libc.a(lib_a-freer.o)
 .ARM.attributes
                0x0000084e       0x34 /home/denny/NYU/emb/gcc-arm-none-eabi-5_4-2016q3/bin/../lib/gcc/arm-none-eabi/5.4.1/../../../../arm-none-eabi/lib/armv7e-m/fpu/libc.a(lib_a-fwalk.o)
 .ARM.attributes
                0x00000882       0x34 /home/denny/NYU/emb/gcc-arm-none-eabi-5_4-2016q3/bin/../lib/gcc/arm-none-eabi/5.4.1/../../../../arm-none-eabi/lib/armv7e-m/fpu/libc.a(lib_a-localeconv.o)
 .ARM.attributes
                0x000008b6       0x34 /home/denny/NYU/emb/gcc-arm-none-eabi-5_4-2016q3/bin/../lib/gcc/arm-none-eabi/5.4.1/../../../../arm-none-eabi/lib/armv7e-m/fpu/libc.a(lib_a-makebuf.o)
 .ARM.attributes
                0x000008ea       0x34 /home/denny/NYU/emb/gcc-arm-none-eabi-5_4-2016q3/bin/../lib/gcc/arm-none-eabi/5.4.1/../../../../arm-none-eabi/lib/armv7e-m/fpu/libc.a(lib_a-malloc.o)
 .ARM.attributes
                0x0000091e       0x34 /home/denny/NYU/emb/gcc-arm-none-eabi-5_4-2016q3/bin/../lib/gcc/arm-none-eabi/5.4.1/../../../../arm-none-eabi/lib/armv7e-m/fpu/libc.a(lib_a-mallocr.o)
 .ARM.attributes
                0x00000952       0x20 /home/denny/NYU/emb/gcc-arm-none-eabi-5_4-2016q3/bin/../lib/gcc/arm-none-eabi/5.4.1/../../../../arm-none-eabi/lib/armv7e-m/fpu/libc.a(lib_a-memchr.o)
 .ARM.attributes
                0x00000972       0x20 /home/denny/NYU/emb/gcc-arm-none-eabi-5_4-2016q3/bin/../lib/gcc/arm-none-eabi/5.4.1/../../../../arm-none-eabi/lib/armv7e-m/fpu/libc.a(lib_a-memcpy.o)
 .ARM.attributes
                0x00000992       0x34 /home/denny/NYU/emb/gcc-arm-none-eabi-5_4-2016q3/bin/../lib/gcc/arm-none-eabi/5.4.1/../../../../arm-none-eabi/lib/armv7e-m/fpu/libc.a(lib_a-mlock.o)
 .ARM.attributes
                0x000009c6       0x34 /home/denny/NYU/emb/gcc-arm-none-eabi-5_4-2016q3/bin/../lib/gcc/arm-none-eabi/5.4.1/../../../../arm-none-eabi/lib/armv7e-m/fpu/libc.a(lib_a-mprec.o)
 .ARM.attributes
                0x000009fa       0x34 /home/denny/NYU/emb/gcc-arm-none-eabi-5_4-2016q3/bin/../lib/gcc/arm-none-eabi/5.4.1/../../../../arm-none-eabi/lib/armv7e-m/fpu/libc.a(lib_a-sbrkr.o)
 .ARM.attributes
                0x00000a2e       0x34 /home/denny/NYU/emb/gcc-arm-none-eabi-5_4-2016q3/bin/../lib/gcc/arm-none-eabi/5.4.1/../../../../arm-none-eabi/lib/armv7e-m/fpu/libc.a(lib_a-stdio.o)
 .ARM.attributes
                0x00000a62       0x20 /home/denny/NYU/emb/gcc-arm-none-eabi-5_4-2016q3/bin/../lib/gcc/arm-none-eabi/5.4.1/../../../../arm-none-eabi/lib/armv7e-m/fpu/libc.a(lib_a-strlen.o)
 .ARM.attributes
                0x00000a82       0x34 /home/denny/NYU/emb/gcc-arm-none-eabi-5_4-2016q3/bin/../lib/gcc/arm-none-eabi/5.4.1/../../../../arm-none-eabi/lib/armv7e-m/fpu/libc.a(lib_a-vfiprintf.o)
 .ARM.attributes
                0x00000ab6       0x34 /home/denny/NYU/emb/gcc-arm-none-eabi-5_4-2016q3/bin/../lib/gcc/arm-none-eabi/5.4.1/../../../../arm-none-eabi/lib/armv7e-m/fpu/libc.a(lib_a-writer.o)
 .ARM.attributes
                0x00000aea       0x34 /home/denny/NYU/emb/gcc-arm-none-eabi-5_4-2016q3/bin/../lib/gcc/arm-none-eabi/5.4.1/../../../../arm-none-eabi/lib/armv7e-m/fpu/libc.a(lib_a-callocr.o)
 .ARM.attributes
                0x00000b1e       0x34 /home/denny/NYU/emb/gcc-arm-none-eabi-5_4-2016q3/bin/../lib/gcc/arm-none-eabi/5.4.1/../../../../arm-none-eabi/lib/armv7e-m/fpu/libc.a(lib_a-closer.o)
 .ARM.attributes
                0x00000b52       0x34 /home/denny/NYU/emb/gcc-arm-none-eabi-5_4-2016q3/bin/../lib/gcc/arm-none-eabi/5.4.1/../../../../arm-none-eabi/lib/armv7e-m/fpu/libc.a(lib_a-fclose.o)
 .ARM.attributes
                0x00000b86       0x34 /home/denny/NYU/emb/gcc-arm-none-eabi-5_4-2016q3/bin/../lib/gcc/arm-none-eabi/5.4.1/../../../../arm-none-eabi/lib/armv7e-m/fpu/libc.a(lib_a-fputwc.o)
 .ARM.attributes
                0x00000bba       0x34 /home/denny/NYU/emb/gcc-arm-none-eabi-5_4-2016q3/bin/../lib/gcc/arm-none-eabi/5.4.1/../../../../arm-none-eabi/lib/armv7e-m/fpu/libc.a(lib_a-fstatr.o)
 .ARM.attributes
                0x00000bee       0x34 /home/denny/NYU/emb/gcc-arm-none-eabi-5_4-2016q3/bin/../lib/gcc/arm-none-eabi/5.4.1/../../../../arm-none-eabi/lib/armv7e-m/fpu/libc.a(lib_a-fvwrite.o)
 .ARM.attributes
                0x00000c22       0x34 /home/denny/NYU/emb/gcc-arm-none-eabi-5_4-2016q3/bin/../lib/gcc/arm-none-eabi/5.4.1/../../../../arm-none-eabi/lib/armv7e-m/fpu/libc.a(lib_a-isattyr.o)
 .ARM.attributes
                0x00000c56       0x34 /home/denny/NYU/emb/gcc-arm-none-eabi-5_4-2016q3/bin/../lib/gcc/arm-none-eabi/5.4.1/../../../../arm-none-eabi/lib/armv7e-m/fpu/libc.a(lib_a-locale.o)
 .ARM.attributes
                0x00000c8a       0x34 /home/denny/NYU/emb/gcc-arm-none-eabi-5_4-2016q3/bin/../lib/gcc/arm-none-eabi/5.4.1/../../../../arm-none-eabi/lib/armv7e-m/fpu/libc.a(lib_a-lseekr.o)
 .ARM.attributes
                0x00000cbe       0x34 /home/denny/NYU/emb/gcc-arm-none-eabi-5_4-2016q3/bin/../lib/gcc/arm-none-eabi/5.4.1/../../../../arm-none-eabi/lib/armv7e-m/fpu/libc.a(lib_a-mbtowc_r.o)
 .ARM.attributes
                0x00000cf2       0x34 /home/denny/NYU/emb/gcc-arm-none-eabi-5_4-2016q3/bin/../lib/gcc/arm-none-eabi/5.4.1/../../../../arm-none-eabi/lib/armv7e-m/fpu/libc.a(lib_a-memmove.o)
 .ARM.attributes
                0x00000d26       0x34 /home/denny/NYU/emb/gcc-arm-none-eabi-5_4-2016q3/bin/../lib/gcc/arm-none-eabi/5.4.1/../../../../arm-none-eabi/lib/armv7e-m/fpu/libc.a(lib_a-readr.o)
 .ARM.attributes
                0x00000d5a       0x34 /home/denny/NYU/emb/gcc-arm-none-eabi-5_4-2016q3/bin/../lib/gcc/arm-none-eabi/5.4.1/../../../../arm-none-eabi/lib/armv7e-m/fpu/libc.a(lib_a-reallocr.o)
 .ARM.attributes
                0x00000d8e       0x34 /home/denny/NYU/emb/gcc-arm-none-eabi-5_4-2016q3/bin/../lib/gcc/arm-none-eabi/5.4.1/../../../../arm-none-eabi/lib/armv7e-m/fpu/libc.a(lib_a-wbuf.o)
 .ARM.attributes
                0x00000dc2       0x34 /home/denny/NYU/emb/gcc-arm-none-eabi-5_4-2016q3/bin/../lib/gcc/arm-none-eabi/5.4.1/../../../../arm-none-eabi/lib/armv7e-m/fpu/libc.a(lib_a-wcrtomb.o)
 .ARM.attributes
                0x00000df6       0x34 /home/denny/NYU/emb/gcc-arm-none-eabi-5_4-2016q3/bin/../lib/gcc/arm-none-eabi/5.4.1/../../../../arm-none-eabi/lib/armv7e-m/fpu/libc.a(lib_a-wctomb_r.o)
 .ARM.attributes
                0x00000e2a       0x34 /home/denny/NYU/emb/gcc-arm-none-eabi-5_4-2016q3/bin/../lib/gcc/arm-none-eabi/5.4.1/../../../../arm-none-eabi/lib/armv7e-m/fpu/libc.a(lib_a-ctype_.o)
 .ARM.attributes
                0x00000e5e       0x22 /home/denny/NYU/emb/gcc-arm-none-eabi-5_4-2016q3/bin/../lib/gcc/arm-none-eabi/5.4.1/armv7e-m/fpu/libgcc.a(_arm_addsubdf3.o)
 .ARM.attributes
                0x00000e80       0x22 /home/denny/NYU/emb/gcc-arm-none-eabi-5_4-2016q3/bin/../lib/gcc/arm-none-eabi/5.4.1/armv7e-m/fpu/libgcc.a(_arm_muldivdf3.o)
 .ARM.attributes
                0x00000ea2       0x22 /home/denny/NYU/emb/gcc-arm-none-eabi-5_4-2016q3/bin/../lib/gcc/arm-none-eabi/5.4.1/armv7e-m/fpu/libgcc.a(_arm_cmpdf2.o)
 .ARM.attributes
                0x00000ec4       0x22 /home/denny/NYU/emb/gcc-arm-none-eabi-5_4-2016q3/bin/../lib/gcc/arm-none-eabi/5.4.1/armv7e-m/fpu/libgcc.a(_arm_unorddf2.o)
 .ARM.attributes
                0x00000ee6       0x22 /home/denny/NYU/emb/gcc-arm-none-eabi-5_4-2016q3/bin/../lib/gcc/arm-none-eabi/5.4.1/armv7e-m/fpu/libgcc.a(_arm_fixdfsi.o)
 .ARM.attributes
                0x00000f08       0x22 /home/denny/NYU/emb/gcc-arm-none-eabi-5_4-2016q3/bin/../lib/gcc/arm-none-eabi/5.4.1/armv7e-m/fpu/libgcc.a(_aeabi_uldivmod.o)
 .ARM.attributes
                0x00000f2a       0x34 /home/denny/NYU/emb/gcc-arm-none-eabi-5_4-2016q3/bin/../lib/gcc/arm-none-eabi/5.4.1/armv7e-m/fpu/libgcc.a(_udivmoddi4.o)
 .ARM.attributes
                0x00000f5e       0x22 /home/denny/NYU/emb/gcc-arm-none-eabi-5_4-2016q3/bin/../lib/gcc/arm-none-eabi/5.4.1/armv7e-m/fpu/libgcc.a(_dvmd_tls.o)
 .ARM.attributes
                0x00000f80       0x22 /home/denny/NYU/emb/gcc-arm-none-eabi-5_4-2016q3/bin/../lib/gcc/arm-none-eabi/5.4.1/armv7e-m/fpu/crtn.o
LOAD ../arch/stm32/f3/src/stm32f3xx_hal_hrtim.o
LOAD ../arch/stm32/f3/src/stm32f3xx_hal_nand.o
LOAD ../arch/stm32/f3/src/stm32f3xx_hal_smartcard.o
LOAD ../arch/stm32/f3/src/stm32f3xx_hal_irda.o
LOAD ../arch/stm32/f3/src/stm32f3xx_hal_flash_ex.o
LOAD ../arch/stm32/f3/src/stm32f3xx_ll_crc.o
LOAD ../arch/stm32/f3/src/stm32f3xx_hal_i2s.o
LOAD ../arch/stm32/f3/src/stm32f3xx_hal_i2c_ex.o
LOAD ../arch/stm32/f3/src/stm32f3xx_ll_dma.o
LOAD ../arch/stm32/f3/src/stm32f3xx_hal.o
LOAD ../arch/stm32/f3/src/stm32f3xx_hal_tim_ex.o
LOAD ../arch/stm32/f3/src/stm32f3xx_hal_dma.o
LOAD ../arch/stm32/f3/src/stm32f3xx_ll_utils.o
LOAD ../arch/stm32/f3/src/stm32f3xx_hal_flash.o
LOAD ../arch/stm32/f3/src/stm32f3xx_hal_cortex.o
LOAD ../arch/stm32/f3/src/stm32f3xx_hal_uart_ex.o
LOAD ../arch/stm32/f3/src/stm32f3xx_hal_tim.o
LOAD ../arch/stm32/f3/src/stm32f3xx_hal_sram.o
LOAD ../arch/stm32/f3/src/stm32f3xx_hal_uart.o
LOAD ../arch/stm32/f3/src/stm32f3xx_hal_timebase_tim.o
LOAD ../arch/stm32/f3/src/stm32f3xx_hal_tsc.o
LOAD ../arch/stm32/f3/src/stm32f3xx_hal_rtc_ex.o
LOAD ../arch/stm32/f3/src/stm32f3xx_hal_smbus.o
LOAD ../arch/stm32/f3/src/stm32f3xx_hal_wwdg.o
LOAD ../arch/stm32/f3/src/stm32f3xx_ll_rtc.o
LOAD ../arch/stm32/f3/src/stm32f3xx_hal_crc.o
LOAD ../arch/stm32/f3/src/stm32f3xx_hal_spi_ex.o
LOAD ../arch/stm32/f3/src/stm32f3xx_hal_sdadc.o
LOAD ../arch/stm32/f3/src/stm32f3xx_hal_nor.o
LOAD ../arch/stm32/f3/src/stm32f3xx_hal_iwdg.o
LOAD ../arch/stm32/f3/src/stm32f3xx_hal_msp.o
LOAD ../arch/stm32/f3/src/stm32f3xx_hal_smartcard_ex.o
LOAD ../arch/stm32/f3/src/stm32f3xx_hal_can.o
LOAD ../arch/stm32/f3/src/stm32f3xx_ll_spi.o
LOAD ../arch/stm32/f3/src/stm32f3xx_ll_comp.o
LOAD ../arch/stm32/f3/src/stm32f3xx_hal_spi.o
LOAD ../arch/stm32/f3/src/stm32f3xx_hal_comp.o
LOAD ../arch/stm32/f3/src/stm32f3xx_ll_fmc.o
LOAD ../arch/stm32/f3/src/stm32f3xx_hal_rtc.o
LOAD ../arch/stm32/f3/src/stm32f3xx_hal_pwr_ex.o
LOAD ../arch/stm32/f3/src/stm32f3xx_hal_cec.o
LOAD ../arch/stm32/f3/src/stm32f3xx_hal_pcd_ex.o
LOAD ../arch/stm32/f3/src/stm32f3xx_hal_adc_ex.o
LOAD ../arch/stm32/f3/src/stm32f3xx_hal_dac_ex.o
LOAD ../arch/stm32/f3/src/stm32f3xx_hal_opamp_ex.o
LOAD ../arch/stm32/f3/src/stm32f3xx_ll_pwr.o
LOAD ../arch/stm32/f3/src/stm32f3xx_hal_pwr.o
LOAD ../arch/stm32/f3/src/stm32f3xx_ll_adc.o
LOAD ../arch/stm32/f3/src/stm32f3xx_hal_pcd.o
LOAD ../arch/stm32/f3/src/stm32f3xx_ll_dac.o
LOAD ../arch/stm32/f3/src/stm32f3xx_hal_adc.o
LOAD ../arch/stm32/f3/src/stm32f3xx_ll_opamp.o
LOAD ../arch/stm32/f3/src/stm32f3xx_hal_dac.o
LOAD ../arch/stm32/f3/src/stm32f3xx_hal_opamp.o
LOAD ../arch/stm32/f3/src/stm32f3xx_ll_i2c.o
LOAD ../arch/stm32/f3/src/stm32f3xx_ll_usart.o
LOAD ../arch/stm32/f3/src/stm32f3xx_hal_i2c.o
LOAD ../arch/stm32/f3/src/stm32f3xx_hal_usart.o
LOAD ../arch/stm32/f3/src/stm32f3xx_hal_rcc_ex.o
LOAD ../arch/stm32/f3/src/stm32f3xx_hal_crc_ex.o
LOAD ../arch/stm32/f3/src/stm32f3xx_ll_exti.o
LOAD ../arch/stm32/f3/src/stm32f3xx_hal_pccard.o
LOAD ../arch/stm32/f3/src/stm32f3xx_ll_rcc.o
LOAD ../arch/stm32/f3/src/stm32f3xx_hal_i2s_ex.o
LOAD ../arch/stm32/f3/src/stm32f3xx_hal_rcc.o
LOAD ../arch/stm32/f3/src/stm32f3xx_ll_tim.o
LOAD ../arch/stm32/f3/src/stm32f3xx_ll_gpio.o
LOAD ../arch/stm32/f3/src/stm32f3xx_ll_hrtim.o
LOAD ../arch/stm32/f3/src/stm32f3xx_hal_gpio.o
LOAD ../arch/stm32/f3/src/CMSIS/system_stm32f3xx.o
LOAD ../arch/stm32/f3/src/CMSIS/startup_stm32f303xc.o
LOAD Autonomous_Parallel_Parking.o
LOAD user_source/foo.o
LOAD user_source/encoder.o
LOAD user_source/motion.o
LOAD user_source/interrupts.o
LOAD user_source/sensor_timer.o
LOAD user_source/uart.o
LOAD user_source/mutex.o
LOAD user_source/state_machine.o
LOAD user_source/hal_interface/cube_hal_msp.o
LOAD user_source/hal_interface/interrupts.o
LOAD user_source/hal_interface/pwm_hal.o
LOAD user_source/hal_interface/pin_setup.o
LOAD user_source/hal_interface/motor_hal.o
LOAD user_source/hal_interface/newlib_stubs.o
LOAD user_source/hal_interface/uart_hal.o
LOAD user_source/hal_interface/board_led.o
LOAD user_source/hal_interface/cpu.o
LOAD /home/denny/NYU/emb/gcc-arm-none-eabi-5_4-2016q3/bin/../lib/gcc/arm-none-eabi/5.4.1/../../../../arm-none-eabi/lib/armv7e-m/fpu/libm.a
LOAD /home/denny/NYU/emb/gcc-arm-none-eabi-5_4-2016q3/bin/../lib/gcc/arm-none-eabi/5.4.1/../../../../arm-none-eabi/lib/armv7e-m/fpu/libc.a
START GROUP
LOAD /home/denny/NYU/emb/gcc-arm-none-eabi-5_4-2016q3/bin/../lib/gcc/arm-none-eabi/5.4.1/armv7e-m/fpu/libgcc.a
LOAD /home/denny/NYU/emb/gcc-arm-none-eabi-5_4-2016q3/bin/../lib/gcc/arm-none-eabi/5.4.1/../../../../arm-none-eabi/lib/armv7e-m/fpu/libc.a
END GROUP
START GROUP
LOAD /home/denny/NYU/emb/gcc-arm-none-eabi-5_4-2016q3/bin/../lib/gcc/arm-none-eabi/5.4.1/armv7e-m/fpu/libgcc.a
LOAD /home/denny/NYU/emb/gcc-arm-none-eabi-5_4-2016q3/bin/../lib/gcc/arm-none-eabi/5.4.1/../../../../arm-none-eabi/lib/armv7e-m/fpu/libc.a
LOAD /home/denny/NYU/emb/gcc-arm-none-eabi-5_4-2016q3/bin/../lib/gcc/arm-none-eabi/5.4.1/../../../../arm-none-eabi/lib/armv7e-m/fpu/libnosys.a
END GROUP
LOAD /home/denny/NYU/emb/gcc-arm-none-eabi-5_4-2016q3/bin/../lib/gcc/arm-none-eabi/5.4.1/armv7e-m/fpu/crtend.o
LOAD /home/denny/NYU/emb/gcc-arm-none-eabi-5_4-2016q3/bin/../lib/gcc/arm-none-eabi/5.4.1/armv7e-m/fpu/crtn.o
OUTPUT(Autonomous_Parallel_Parking.elf elf32-littlearm)

.debug_info     0x00000000    0x11a75
 .debug_info    0x00000000      0x6ed ../arch/stm32/f3/src/stm32f3xx_hal.o
 .debug_info    0x000006ed     0x14d4 ../arch/stm32/f3/src/stm32f3xx_hal_tim_ex.o
 .debug_info    0x00001bc1      0x7d5 ../arch/stm32/f3/src/stm32f3xx_hal_dma.o
 .debug_info    0x00002396      0xe6d ../arch/stm32/f3/src/stm32f3xx_hal_cortex.o
 .debug_info    0x00003203      0x8db ../arch/stm32/f3/src/stm32f3xx_hal_uart_ex.o
 .debug_info    0x00003ade     0x3163 ../arch/stm32/f3/src/stm32f3xx_hal_tim.o
 .debug_info    0x00006c41     0x18ee ../arch/stm32/f3/src/stm32f3xx_hal_uart.o
 .debug_info    0x0000852f      0x9ec ../arch/stm32/f3/src/stm32f3xx_hal_timebase_tim.o
 .debug_info    0x00008f1b       0xbf ../arch/stm32/f3/src/stm32f3xx_hal_msp.o
 .debug_info    0x00008fda     0x1341 ../arch/stm32/f3/src/stm32f3xx_hal_rcc.o
 .debug_info    0x0000a31b      0x673 ../arch/stm32/f3/src/stm32f3xx_hal_gpio.o
 .debug_info    0x0000a98e      0x3f2 ../arch/stm32/f3/src/CMSIS/system_stm32f3xx.o
 .debug_info    0x0000ad80       0xbb ../arch/stm32/f3/src/CMSIS/startup_stm32f303xc.o
 .debug_info    0x0000ae3b      0x36d Autonomous_Parallel_Parking.o
 .debug_info    0x0000b1a8       0x96 user_source/foo.o
 .debug_info    0x0000b23e      0x5e1 user_source/encoder.o
 .debug_info    0x0000b81f      0xa4f user_source/motion.o
 .debug_info    0x0000c26e      0x3bb user_source/interrupts.o
 .debug_info    0x0000c629     0x16d3 user_source/sensor_timer.o
 .debug_info    0x0000dcfc      0xaf8 user_source/uart.o
 .debug_info    0x0000e7f4      0x110 user_source/mutex.o
 .debug_info    0x0000e904      0x59b user_source/state_machine.o
 .debug_info    0x0000ee9f      0xb6f user_source/hal_interface/cube_hal_msp.o
 .debug_info    0x0000fa0e      0xb23 user_source/hal_interface/pwm_hal.o
 .debug_info    0x00010531      0x25e user_source/hal_interface/pin_setup.o
 .debug_info    0x0001078f      0x880 user_source/hal_interface/newlib_stubs.o
 .debug_info    0x0001100f      0x731 user_source/hal_interface/uart_hal.o
 .debug_info    0x00011740      0x335 user_source/hal_interface/cpu.o

.debug_abbrev   0x00000000     0x32ef
 .debug_abbrev  0x00000000      0x1d0 ../arch/stm32/f3/src/stm32f3xx_hal.o
 .debug_abbrev  0x000001d0      0x2b6 ../arch/stm32/f3/src/stm32f3xx_hal_tim_ex.o
 .debug_abbrev  0x00000486      0x219 ../arch/stm32/f3/src/stm32f3xx_hal_dma.o
 .debug_abbrev  0x0000069f      0x304 ../arch/stm32/f3/src/stm32f3xx_hal_cortex.o
 .debug_abbrev  0x000009a3      0x1ee ../arch/stm32/f3/src/stm32f3xx_hal_uart_ex.o
 .debug_abbrev  0x00000b91      0x333 ../arch/stm32/f3/src/stm32f3xx_hal_tim.o
 .debug_abbrev  0x00000ec4      0x314 ../arch/stm32/f3/src/stm32f3xx_hal_uart.o
 .debug_abbrev  0x000011d8      0x1f9 ../arch/stm32/f3/src/stm32f3xx_hal_timebase_tim.o
 .debug_abbrev  0x000013d1       0x70 ../arch/stm32/f3/src/stm32f3xx_hal_msp.o
 .debug_abbrev  0x00001441      0x2cc ../arch/stm32/f3/src/stm32f3xx_hal_rcc.o
 .debug_abbrev  0x0000170d      0x1d7 ../arch/stm32/f3/src/stm32f3xx_hal_gpio.o
 .debug_abbrev  0x000018e4      0x101 ../arch/stm32/f3/src/CMSIS/system_stm32f3xx.o
 .debug_abbrev  0x000019e5       0x12 ../arch/stm32/f3/src/CMSIS/startup_stm32f303xc.o
 .debug_abbrev  0x000019f7      0x114 Autonomous_Parallel_Parking.o
 .debug_abbrev  0x00001b0b       0x94 user_source/foo.o
 .debug_abbrev  0x00001b9f      0x17d user_source/encoder.o
 .debug_abbrev  0x00001d1c      0x180 user_source/motion.o
 .debug_abbrev  0x00001e9c       0xe4 user_source/interrupts.o
 .debug_abbrev  0x00001f80      0x311 user_source/sensor_timer.o
 .debug_abbrev  0x00002291      0x29d user_source/uart.o
 .debug_abbrev  0x0000252e       0xac user_source/mutex.o
 .debug_abbrev  0x000025da      0x245 user_source/state_machine.o
 .debug_abbrev  0x0000281f      0x19b user_source/hal_interface/cube_hal_msp.o
 .debug_abbrev  0x000029ba      0x262 user_source/hal_interface/pwm_hal.o
 .debug_abbrev  0x00002c1c      0x130 user_source/hal_interface/pin_setup.o
 .debug_abbrev  0x00002d4c      0x28e user_source/hal_interface/newlib_stubs.o
 .debug_abbrev  0x00002fda      0x1ab user_source/hal_interface/uart_hal.o
 .debug_abbrev  0x00003185      0x16a user_source/hal_interface/cpu.o

.debug_loc      0x00000000     0xa26f
 .debug_loc     0x00000000       0x4b ../arch/stm32/f3/src/stm32f3xx_hal.o
 .debug_loc     0x0000004b     0x1642 ../arch/stm32/f3/src/stm32f3xx_hal_tim_ex.o
 .debug_loc     0x0000168d      0x6f1 ../arch/stm32/f3/src/stm32f3xx_hal_dma.o
 .debug_loc     0x00001d7e      0x658 ../arch/stm32/f3/src/stm32f3xx_hal_cortex.o
 .debug_loc     0x000023d6      0x32b ../arch/stm32/f3/src/stm32f3xx_hal_uart_ex.o
 .debug_loc     0x00002701     0x4284 ../arch/stm32/f3/src/stm32f3xx_hal_tim.o
 .debug_loc     0x00006985     0x1748 ../arch/stm32/f3/src/stm32f3xx_hal_uart.o
 .debug_loc     0x000080cd       0x60 ../arch/stm32/f3/src/stm32f3xx_hal_timebase_tim.o
 .debug_loc     0x0000812d      0x905 ../arch/stm32/f3/src/stm32f3xx_hal_rcc.o
 .debug_loc     0x00008a32      0x3cc ../arch/stm32/f3/src/stm32f3xx_hal_gpio.o
 .debug_loc     0x00008dfe      0x11a ../arch/stm32/f3/src/CMSIS/system_stm32f3xx.o
 .debug_loc     0x00008f18       0x13 Autonomous_Parallel_Parking.o
 .debug_loc     0x00008f2b       0x4e user_source/foo.o
 .debug_loc     0x00008f79       0xe9 user_source/motion.o
 .debug_loc     0x00009062      0x264 user_source/sensor_timer.o
 .debug_loc     0x000092c6      0x219 user_source/uart.o
 .debug_loc     0x000094df       0x3a user_source/mutex.o
 .debug_loc     0x00009519      0x196 user_source/state_machine.o
 .debug_loc     0x000096af       0x42 user_source/hal_interface/cube_hal_msp.o
 .debug_loc     0x000096f1      0x499 user_source/hal_interface/pwm_hal.o
 .debug_loc     0x00009b8a       0xb3 user_source/hal_interface/pin_setup.o
 .debug_loc     0x00009c3d      0x4e7 user_source/hal_interface/newlib_stubs.o
 .debug_loc     0x0000a124       0x7c user_source/hal_interface/uart_hal.o
 .debug_loc     0x0000a1a0       0xcf user_source/hal_interface/cpu.o

.debug_aranges  0x00000000      0x388
 .debug_aranges
                0x00000000       0x20 ../arch/stm32/f3/src/stm32f3xx_hal.o
 .debug_aranges
                0x00000020       0x20 ../arch/stm32/f3/src/stm32f3xx_hal_tim_ex.o
 .debug_aranges
                0x00000040       0x20 ../arch/stm32/f3/src/stm32f3xx_hal_dma.o
 .debug_aranges
                0x00000060       0x20 ../arch/stm32/f3/src/stm32f3xx_hal_cortex.o
 .debug_aranges
                0x00000080       0x20 ../arch/stm32/f3/src/stm32f3xx_hal_uart_ex.o
 .debug_aranges
                0x000000a0       0x20 ../arch/stm32/f3/src/stm32f3xx_hal_tim.o
 .debug_aranges
                0x000000c0       0x20 ../arch/stm32/f3/src/stm32f3xx_hal_uart.o
 .debug_aranges
                0x000000e0       0x20 ../arch/stm32/f3/src/stm32f3xx_hal_timebase_tim.o
 .debug_aranges
                0x00000100       0x20 ../arch/stm32/f3/src/stm32f3xx_hal_msp.o
 .debug_aranges
                0x00000120       0x20 ../arch/stm32/f3/src/stm32f3xx_hal_rcc.o
 .debug_aranges
                0x00000140       0x20 ../arch/stm32/f3/src/stm32f3xx_hal_gpio.o
 .debug_aranges
                0x00000160       0x20 ../arch/stm32/f3/src/CMSIS/system_stm32f3xx.o
 .debug_aranges
                0x00000180       0x28 ../arch/stm32/f3/src/CMSIS/startup_stm32f303xc.o
 .debug_aranges
                0x000001a8       0x20 Autonomous_Parallel_Parking.o
 .debug_aranges
                0x000001c8       0x20 user_source/foo.o
 .debug_aranges
                0x000001e8       0x20 user_source/encoder.o
 .debug_aranges
                0x00000208       0x20 user_source/motion.o
 .debug_aranges
                0x00000228       0x20 user_source/interrupts.o
 .debug_aranges
                0x00000248       0x20 user_source/sensor_timer.o
 .debug_aranges
                0x00000268       0x20 user_source/uart.o
 .debug_aranges
                0x00000288       0x20 user_source/mutex.o
 .debug_aranges
                0x000002a8       0x20 user_source/state_machine.o
 .debug_aranges
                0x000002c8       0x20 user_source/hal_interface/cube_hal_msp.o
 .debug_aranges
                0x000002e8       0x20 user_source/hal_interface/pwm_hal.o
 .debug_aranges
                0x00000308       0x20 user_source/hal_interface/pin_setup.o
 .debug_aranges
                0x00000328       0x20 user_source/hal_interface/newlib_stubs.o
 .debug_aranges
                0x00000348       0x20 user_source/hal_interface/uart_hal.o
 .debug_aranges
                0x00000368       0x20 user_source/hal_interface/cpu.o

.debug_line     0x00000000     0x616e
 .debug_line    0x00000000      0x1fc ../arch/stm32/f3/src/stm32f3xx_hal.o
 .debug_line    0x000001fc      0x7b8 ../arch/stm32/f3/src/stm32f3xx_hal_tim_ex.o
 .debug_line    0x000009b4      0x48b ../arch/stm32/f3/src/stm32f3xx_hal_dma.o
 .debug_line    0x00000e3f      0x30e ../arch/stm32/f3/src/stm32f3xx_hal_cortex.o
 .debug_line    0x0000114d      0x2e1 ../arch/stm32/f3/src/stm32f3xx_hal_uart_ex.o
 .debug_line    0x0000142e     0x11bc ../arch/stm32/f3/src/stm32f3xx_hal_tim.o
 .debug_line    0x000025ea      0xc1a ../arch/stm32/f3/src/stm32f3xx_hal_uart.o
 .debug_line    0x00003204      0x1ff ../arch/stm32/f3/src/stm32f3xx_hal_timebase_tim.o
 .debug_line    0x00003403      0x13d ../arch/stm32/f3/src/stm32f3xx_hal_msp.o
 .debug_line    0x00003540      0x731 ../arch/stm32/f3/src/stm32f3xx_hal_rcc.o
 .debug_line    0x00003c71      0x2fd ../arch/stm32/f3/src/stm32f3xx_hal_gpio.o
 .debug_line    0x00003f6e      0x188 ../arch/stm32/f3/src/CMSIS/system_stm32f3xx.o
 .debug_line    0x000040f6       0x8f ../arch/stm32/f3/src/CMSIS/startup_stm32f303xc.o
 .debug_line    0x00004185      0x24a Autonomous_Parallel_Parking.o
 .debug_line    0x000043cf       0x44 user_source/foo.o
 .debug_line    0x00004413      0x1cd user_source/encoder.o
 .debug_line    0x000045e0      0x2f4 user_source/motion.o
 .debug_line    0x000048d4      0x207 user_source/interrupts.o
 .debug_line    0x00004adb      0x431 user_source/sensor_timer.o
 .debug_line    0x00004f0c      0x24b user_source/uart.o
 .debug_line    0x00005157      0x12c user_source/mutex.o
 .debug_line    0x00005283      0x279 user_source/state_machine.o
 .debug_line    0x000054fc      0x220 user_source/hal_interface/cube_hal_msp.o
 .debug_line    0x0000571c      0x28f user_source/hal_interface/pwm_hal.o
 .debug_line    0x000059ab      0x180 user_source/hal_interface/pin_setup.o
 .debug_line    0x00005b2b      0x261 user_source/hal_interface/newlib_stubs.o
 .debug_line    0x00005d8c      0x209 user_source/hal_interface/uart_hal.o
 .debug_line    0x00005f95      0x1d9 user_source/hal_interface/cpu.o

.debug_str      0x00000000     0x3f76
 .debug_str     0x00000000      0x8a3 ../arch/stm32/f3/src/stm32f3xx_hal.o
                                0x8f8 (size before relaxing)
 .debug_str     0x000008a3      0xaa8 ../arch/stm32/f3/src/stm32f3xx_hal_tim_ex.o
                                0xd2b (size before relaxing)